Component: ARM Compiler 5.06 update 7 (build 960) Tool: armlink [4d3601]

==============================================================================

Section Cross References

    startup_stm32f103xb.o(RESET) refers to startup_stm32f103xb.o(STACK) for __initial_sp
    startup_stm32f103xb.o(RESET) refers to startup_stm32f103xb.o(.text) for Reset_Handler
    startup_stm32f103xb.o(RESET) refers to stm32f1xx_it.o(i.NMI_Handler) for NMI_Handler
    startup_stm32f103xb.o(RESET) refers to stm32f1xx_it.o(i.HardFault_Handler) for HardFault_Handler
    startup_stm32f103xb.o(RESET) refers to stm32f1xx_it.o(i.MemManage_Handler) for MemManage_Handler
    startup_stm32f103xb.o(RESET) refers to stm32f1xx_it.o(i.BusFault_Handler) for BusFault_Handler
    startup_stm32f103xb.o(RESET) refers to stm32f1xx_it.o(i.UsageFault_Handler) for UsageFault_Handler
    startup_stm32f103xb.o(RESET) refers to port.o(.emb_text) for SVC_Handler
    startup_stm32f103xb.o(RESET) refers to stm32f1xx_it.o(i.DebugMon_Handler) for DebugMon_Handler
    startup_stm32f103xb.o(RESET) refers to port.o(i.SysTick_Handler) for SysTick_Handler
    startup_stm32f103xb.o(RESET) refers to stm32f1xx_it.o(i.EXTI0_IRQHandler) for EXTI0_IRQHandler
    startup_stm32f103xb.o(RESET) refers to stm32f1xx_it.o(i.TIM1_UP_IRQHandler) for TIM1_UP_IRQHandler
    startup_stm32f103xb.o(RESET) refers to driver_usart.o(i.USART1_IRQHandler) for USART1_IRQHandler
    startup_stm32f103xb.o(RESET) refers to main.o(i.USART2_IRQHandler) for USART2_IRQHandler
    startup_stm32f103xb.o(.text) refers to system_stm32f1xx.o(i.SystemInit) for SystemInit
    startup_stm32f103xb.o(.text) refers to entry.o(.ARM.Collect$$$$00000000) for __main
    main.o(i.HAL_TIM_PeriodElapsedCallback) refers to stm32f1xx_hal.o(i.HAL_IncTick) for HAL_IncTick
    main.o(i.SystemClock_Config) refers to memseta.o(.text) for __aeabi_memclr4
    main.o(i.SystemClock_Config) refers to stm32f1xx_hal_rcc.o(i.HAL_RCC_OscConfig) for HAL_RCC_OscConfig
    main.o(i.SystemClock_Config) refers to main.o(i.Error_Handler) for Error_Handler
    main.o(i.SystemClock_Config) refers to stm32f1xx_hal_rcc.o(i.HAL_RCC_ClockConfig) for HAL_RCC_ClockConfig
    main.o(i.USART2_IRQHandler) refers to ring_buffer.o(i.ring_buffer_write) for ring_buffer_write
    main.o(i.USART2_IRQHandler) refers to usart.o(.bss) for huart2
    main.o(i.USART2_IRQHandler) refers to main.o(.bss) for uart2_buffer
    main.o(i.USART2_Write) refers to usart.o(.bss) for huart2
    main.o(i.main) refers to stm32f1xx_hal.o(i.HAL_Init) for HAL_Init
    main.o(i.main) refers to main.o(i.SystemClock_Config) for SystemClock_Config
    main.o(i.main) refers to gpio.o(i.MX_GPIO_Init) for MX_GPIO_Init
    main.o(i.main) refers to usart.o(i.MX_USART1_UART_Init) for MX_USART1_UART_Init
    main.o(i.main) refers to usart.o(i.MX_USART2_UART_Init) for MX_USART2_UART_Init
    main.o(i.main) refers to ring_buffer.o(i.ring_buffer_init) for ring_buffer_init
    main.o(i.main) refers to driver_usart.o(i.EnableDebugIRQ) for EnableDebugIRQ
    main.o(i.main) refers to driver_usart.o(i.EnableUART2IRQ) for EnableUART2IRQ
    main.o(i.main) refers to printf8.o(i.__0printf$8) for __2printf
    main.o(i.main) refers to cmsis_os2.o(i.osKernelInitialize) for osKernelInitialize
    main.o(i.main) refers to freertos.o(i.MX_FREERTOS_Init) for MX_FREERTOS_Init
    main.o(i.main) refers to main.o(i.USART2_Write) for USART2_Write
    main.o(i.main) refers to main.o(.bss) for test_buffer
    gpio.o(i.MX_GPIO_Init) refers to stm32f1xx_hal_gpio.o(i.HAL_GPIO_WritePin) for HAL_GPIO_WritePin
    gpio.o(i.MX_GPIO_Init) refers to stm32f1xx_hal_gpio.o(i.HAL_GPIO_Init) for HAL_GPIO_Init
    gpio.o(i.MX_GPIO_Init) refers to stm32f1xx_hal_cortex.o(i.HAL_NVIC_SetPriority) for HAL_NVIC_SetPriority
    gpio.o(i.MX_GPIO_Init) refers to stm32f1xx_hal_cortex.o(i.HAL_NVIC_EnableIRQ) for HAL_NVIC_EnableIRQ
    freertos.o(i.MX_FREERTOS_Init) refers to cmsis_os2.o(i.osThreadNew) for osThreadNew
    freertos.o(i.MX_FREERTOS_Init) refers to freertos.o(.constdata) for defaultTask_attributes
    freertos.o(i.MX_FREERTOS_Init) refers to freertos.o(i.StartDefaultTask) for StartDefaultTask
    freertos.o(i.MX_FREERTOS_Init) refers to freertos.o(.data) for defaultTaskHandle
    freertos.o(i.StartDefaultTask) refers to cmsis_os2.o(i.osDelay) for osDelay
    freertos.o(.constdata) refers to freertos.o(.conststring) for .conststring
    usart.o(i.HAL_UART_MspDeInit) refers to stm32f1xx_hal_gpio.o(i.HAL_GPIO_DeInit) for HAL_GPIO_DeInit
    usart.o(i.HAL_UART_MspDeInit) refers to stm32f1xx_hal_cortex.o(i.HAL_NVIC_DisableIRQ) for HAL_NVIC_DisableIRQ
    usart.o(i.HAL_UART_MspInit) refers to stm32f1xx_hal_gpio.o(i.HAL_GPIO_Init) for HAL_GPIO_Init
    usart.o(i.HAL_UART_MspInit) refers to stm32f1xx_hal_cortex.o(i.HAL_NVIC_SetPriority) for HAL_NVIC_SetPriority
    usart.o(i.HAL_UART_MspInit) refers to stm32f1xx_hal_cortex.o(i.HAL_NVIC_EnableIRQ) for HAL_NVIC_EnableIRQ
[...]
    Removing mqttformat.o(i.MQTTStringFormat_subscribe), (120 bytes).
    Removing mqttformat.o(i.MQTTStringFormat_unsubscribe), (104 bytes).
    Removing mqttformat.o(.conststring), (383 bytes).
    Removing mqttformat.o(.data), (60 bytes).
    Removing mqttpacket.o(i.MQTTPacket_decode), (88 bytes).
    Removing mqttpacket.o(i.MQTTPacket_decodeBuf), (28 bytes).
    Removing mqttpacket.o(i.MQTTPacket_decodenb), (104 bytes).
    Removing mqttpacket.o(i.MQTTPacket_encode), (54 bytes).
    Removing mqttpacket.o(i.MQTTPacket_equals), (66 bytes).
    Removing mqttpacket.o(i.MQTTPacket_len), (40 bytes).
    Removing mqttpacket.o(i.MQTTPacket_read), (102 bytes).
    Removing mqttpacket.o(i.MQTTPacket_readnb), (204 bytes).
    Removing mqttpacket.o(i.MQTTstrlen), (24 bytes).
    Removing mqttpacket.o(i.bufchar), (40 bytes).
    Removing mqttpacket.o(i.getLenStringLen), (18 bytes).
    Removing mqttpacket.o(i.readChar), (14 bytes).
    Removing mqttpacket.o(i.readInt), (26 bytes).
    Removing mqttpacket.o(i.readMQTTLenString), (58 bytes).
    Removing mqttpacket.o(i.writeCString), (40 bytes).
    Removing mqttpacket.o(i.writeChar), (12 bytes).
    Removing mqttpacket.o(i.writeInt), (48 bytes).
    Removing mqttpacket.o(i.writeMQTTString), (62 bytes).
    Removing mqttpacket.o(.data), (4 bytes).
    Removing mqttserializepublish.o(i.MQTTSerialize_ack), (114 bytes).
    Removing mqttserializepublish.o(i.MQTTSerialize_puback), (24 bytes).
    Removing mqttserializepublish.o(i.MQTTSerialize_pubcomp), (24 bytes).
    Removing mqttserializepublish.o(i.MQTTSerialize_publish), (176 bytes).
    Removing mqttserializepublish.o(i.MQTTSerialize_publishLength), (34 bytes).
    Removing mqttserializepublish.o(i.MQTTSerialize_pubrel), (26 bytes).
    Removing mqttsubscribeclient.o(i.MQTTDeserialize_suback), (146 bytes).
    Removing mqttsubscribeclient.o(i.MQTTSerialize_subscribe), (176 bytes).
    Removing mqttsubscribeclient.o(i.MQTTSerialize_subscribeLength), (46 bytes).
    Removing mqttsubscribeserver.o(i.MQTTDeserialize_subscribe), (166 bytes).
    Removing mqttsubscribeserver.o(i.MQTTSerialize_suback), (120 bytes).
    Removing mqttunsubscribeclient.o(i.MQTTDeserialize_unsuback), (46 bytes).
    Removing mqttunsubscribeclient.o(i.MQTTSerialize_unsubscribe), (166 bytes).
    Removing mqttunsubscribeclient.o(i.MQTTSerialize_unsubscribeLength), (46 bytes).
    Removing mqttunsubscribeserver.o(i.MQTTDeserialize_unsubscribe), (144 bytes).
    Removing mqttunsubscribeserver.o(i.MQTTSerialize_unsuback), (86 bytes).
    Removing mqttclient.o(i.default_msg_handler), (128 bytes).
    Removing mqttclient.o(i.mqtt_ack_handler_create), (80 bytes).
    Removing mqttclient.o(i.mqtt_ack_handler_destroy), (20 bytes).
    Removing mqttclient.o(i.mqtt_ack_handler_is_maximum), (20 bytes).
    Removing mqttclient.o(i.mqtt_ack_handler_resend), (184 bytes).
    Removing mqttclient.o(i.mqtt_ack_list_node_is_exist), (66 bytes).
    Removing mqttclient.o(i.mqtt_ack_list_record), (88 bytes).
    Removing mqttclient.o(i.mqtt_ack_list_scan), (148 bytes).
    Removing mqttclient.o(i.mqtt_ack_list_unrecord), (90 bytes).
    Removing mqttclient.o(i.mqtt_add_ack_handler_num), (36 bytes).
    Removing mqttclient.o(i.mqtt_clean_session), (138 bytes).
    Removing mqttclient.o(i.mqtt_connect), (12 bytes).
    Removing mqttclient.o(i.mqtt_connect_with_results), (604 bytes).
    Removing mqttclient.o(i.mqtt_decode_packet), (104 bytes).
    Removing mqttclient.o(i.mqtt_deliver_message), (112 bytes).
    Removing mqttclient.o(i.mqtt_disconnect), (72 bytes).
    Removing mqttclient.o(i.mqtt_get_client_state), (8 bytes).
    Removing mqttclient.o(i.mqtt_get_msg_handler), (66 bytes).
    Removing mqttclient.o(i.mqtt_get_next_packet_id), (44 bytes).
    Removing mqttclient.o(i.mqtt_init), (288 bytes).
    Removing mqttclient.o(i.mqtt_is_connected), (36 bytes).
    Removing mqttclient.o(i.mqtt_is_topic_equals), (50 bytes).
    Removing mqttclient.o(i.mqtt_keep_alive), (216 bytes).
    Removing mqttclient.o(i.mqtt_lease), (42 bytes).
    Removing mqttclient.o(i.mqtt_list_subscribe_topic), (228 bytes).
    Removing mqttclient.o(i.mqtt_msg_handler_create), (44 bytes).
    Removing mqttclient.o(i.mqtt_msg_handler_destory), (20 bytes).
    Removing mqttclient.o(i.mqtt_msg_handler_is_exist), (144 bytes).
    Removing mqttclient.o(i.mqtt_msg_handlers_install), (50 bytes).
    Removing mqttclient.o(i.mqtt_new_message_data), (44 bytes).
    Removing mqttclient.o(i.mqtt_packet_drain), (88 bytes).
    Removing mqttclient.o(i.mqtt_packet_handle), (176 bytes).
    Removing mqttclient.o(i.mqtt_puback_and_pubcomp_packet_handle), (72 bytes).
    Removing mqttclient.o(i.mqtt_publish), (416 bytes).
    Removing mqttclient.o(i.mqtt_publish_ack_packet), (140 bytes).
    Removing mqttclient.o(i.mqtt_publish_packet_handle), (250 bytes).
    Removing mqttclient.o(i.mqtt_pubrec_and_pubrel_packet_handle), (90 bytes).
    Removing mqttclient.o(i.mqtt_read_buf_malloc), (220 bytes).
    Removing mqttclient.o(i.mqtt_read_packet), (202 bytes).
    Removing mqttclient.o(i.mqtt_release), (220 bytes).
    Removing mqttclient.o(i.mqtt_send_packet), (110 bytes).
    Removing mqttclient.o(i.mqtt_set_ca), (112 bytes).
    Removing mqttclient.o(i.mqtt_set_clean_session), (124 bytes).
    Removing mqttclient.o(i.mqtt_set_client_id), (112 bytes).
    Removing mqttclient.o(i.mqtt_set_client_state), (28 bytes).
    Removing mqttclient.o(i.mqtt_set_cmd_timeout), (112 bytes).
    Removing mqttclient.o(i.mqtt_set_host), (112 bytes).
    Removing mqttclient.o(i.mqtt_set_interceptor_handler), (112 bytes).
    Removing mqttclient.o(i.mqtt_set_keep_alive_interval), (112 bytes).
    Removing mqttclient.o(i.mqtt_set_password), (112 bytes).
    Removing mqttclient.o(i.mqtt_set_port), (112 bytes).
    Removing mqttclient.o(i.mqtt_set_publish_dup), (76 bytes).
    Removing mqttclient.o(i.mqtt_set_read_buf_size), (16 bytes).
    Removing mqttclient.o(i.mqtt_set_reconnect_data), (112 bytes).
    Removing mqttclient.o(i.mqtt_set_reconnect_handler), (112 bytes).
    Removing mqttclient.o(i.mqtt_set_reconnect_try_duration), (112 bytes).
    Removing mqttclient.o(i.mqtt_set_user_name), (112 bytes).
    Removing mqttclient.o(i.mqtt_set_version), (124 bytes).
    Removing mqttclient.o(i.mqtt_set_will_flag), (124 bytes).
    Removing mqttclient.o(i.mqtt_set_will_options), (184 bytes).
    Removing mqttclient.o(i.mqtt_set_write_buf_size), (16 bytes).
    Removing mqttclient.o(i.mqtt_sleep_ms), (18 bytes).
    Removing mqttclient.o(i.mqtt_suback_packet_handle), (176 bytes).
    Removing mqttclient.o(i.mqtt_subscribe), (184 bytes).
    Removing mqttclient.o(i.mqtt_subtract_ack_handler_num), (52 bytes).
    Removing mqttclient.o(i.mqtt_topic_is_matched), (118 bytes).
    Removing mqttclient.o(i.mqtt_try_do_reconnect), (164 bytes).
    Removing mqttclient.o(i.mqtt_try_reconnect), (44 bytes).
    Removing mqttclient.o(i.mqtt_try_resubscribe), (236 bytes).
    Removing mqttclient.o(i.mqtt_unsuback_packet_handle), (84 bytes).
    Removing mqttclient.o(i.mqtt_unsubscribe), (156 bytes).
    Removing mqttclient.o(i.mqtt_wait_packet), (52 bytes).
    Removing mqttclient.o(i.mqtt_write_buf_malloc), (224 bytes).
    Removing mqttclient.o(i.mqtt_yield), (216 bytes).
    Removing mqttclient.o(i.mqtt_yield_thread), (328 bytes).
    Removing mqttclient.o(.constdata), (716 bytes).
    Removing mqttclient.o(.conststring), (259 bytes).
    Removing nettype_tcp.o(i.nettype_tcp_connect), (30 bytes).
    Removing nettype_tcp.o(i.nettype_tcp_disconnect), (20 bytes).
    Removing nettype_tcp.o(i.nettype_tcp_read), (28 bytes).
    Removing nettype_tcp.o(i.nettype_tcp_write), (28 bytes).
    Removing network.o(i.network_connect), (12 bytes).
    Removing network.o(i.network_disconnect), (12 bytes).
    Removing network.o(i.network_init), (26 bytes).
    Removing network.o(i.network_read), (28 bytes).
    Removing network.o(i.network_release), (26 bytes).
    Removing network.o(i.network_set_ca), (6 bytes).
    Removing network.o(i.network_set_channel), (2 bytes).
    Removing network.o(i.network_set_host_port), (22 bytes).
    Removing network.o(i.network_write), (28 bytes).
    Removing platform_memory.o(i.platform_memory_alloc), (24 bytes).
    Removing platform_memory.o(i.platform_memory_calloc), (16 bytes).
    Removing platform_memory.o(i.platform_memory_free), (12 bytes).
    Removing platform_mutex.o(i.platform_mutex_destroy), (14 bytes).
    Removing platform_mutex.o(i.platform_mutex_init), (16 bytes).
    Removing platform_mutex.o(i.platform_mutex_lock), (16 bytes).
    Removing platform_mutex.o(i.platform_mutex_trylock), (14 bytes).
    Removing platform_mutex.o(i.platform_mutex_unlock), (18 bytes).
    Removing platform_net_socket.o(i.platform_net_socket_close), (6 bytes).
    Removing platform_net_socket.o(i.platform_net_socket_connect), (6 bytes).
    Removing platform_net_socket.o(i.platform_net_socket_recv), (8 bytes).
    Removing platform_net_socket.o(i.platform_net_socket_recv_timeout), (8 bytes).
    Removing platform_net_socket.o(i.platform_net_socket_set_block), (6 bytes).
    Removing platform_net_socket.o(i.platform_net_socket_set_nonblock), (6 bytes).
    Removing platform_net_socket.o(i.platform_net_socket_setsockopt), (10 bytes).
    Removing platform_net_socket.o(i.platform_net_socket_write), (6 bytes).
    Removing platform_net_socket.o(i.platform_net_socket_write_timeout), (8 bytes).
    Removing platform_thread.o(i.platform_thread_destroy), (20 bytes).
    Removing platform_thread.o(i.platform_thread_init), (64 bytes).
    Removing platform_thread.o(i.platform_thread_start), (12 bytes).
    Removing platform_thread.o(i.platform_thread_startup), (2 bytes).
    Removing platform_thread.o(i.platform_thread_stop), (12 bytes).
    Removing platform_timer.o(i.platform_timer_cutdown), (20 bytes).
    Removing platform_timer.o(i.platform_timer_init), (6 bytes).
    Removing platform_timer.o(i.platform_timer_is_expired), (22 bytes).
    Removing platform_timer.o(i.platform_timer_now), (8 bytes).
    Removing platform_timer.o(i.platform_timer_remain), (26 bytes).
    Removing platform_timer.o(i.platform_timer_usleep), (20 bytes).
    Removing platform_timer.o(i.platform_uptime_ms), (8 bytes).
    Removing driver_usart.o(.rev16_text), (4 bytes).
    Removing driver_usart.o(.revsh_text), (4 bytes).
    Removing driver_usart.o(.rrx_text), (6 bytes).
    Removing driver_usart.o(i.DisableDebugIRQ), (32 bytes).
    Removing driver_usart.o(i.fgetc), (32 bytes).
    Removing ring_buffer.o(.rev16_text), (4 bytes).
    Removing ring_buffer.o(.revsh_text), (4 bytes).
    Removing ring_buffer.o(.rrx_text), (6 bytes).
    Removing ring_buffer.o(i.ring_buffer_read), (46 bytes).
    Removing dadd.o(.text), (334 bytes).
    Removing dmul.o(.text), (228 bytes).
    Removing ddiv.o(.text), (222 bytes).
    Removing dfixul.o(.text), (48 bytes).
    Removing cdrcmple.o(.text), (48 bytes).
    Removing depilogue.o(.text), (186 bytes).

828 unused section(s) (total 75138 bytes) removed from the image.

==============================================================================

Image Symbol Table

    Local Symbols

    Symbol Name                              Value     Ov Type        Size  Object(Section)

    ../Core/Src/freertos.c                   0x00000000   Number         0  freertos.o ABSOLUTE
    ../Core/Src/gpio.c                       0x00000000   Number         0  gpio.o ABSOLUTE
    ../Core/Src/main.c                       0x00000000   Number         0  main.o ABSOLUTE
    ../Core/Src/stm32f1xx_hal_msp.c          0x00000000   Number         0  stm32f1xx_hal_msp.o ABSOLUTE
    ../Core/Src/stm32f1xx_hal_timebase_tim.c 0x00000000   Number         0  stm32f1xx_hal_timebase_tim.o ABSOLUTE
    ../Core/Src/stm32f1xx_it.c               0x00000000   Number         0  stm32f1xx_it.o ABSOLUTE
    ../Core/Src/system_stm32f1xx.c           0x00000000   Number         0  system_stm32f1xx.o ABSOLUTE
    ../Core/Src/usart.c                      0x00000000   Number         0  usart.o ABSOLUTE
    ../Drivers/STM32F1xx_HAL_Driver/Src/stm32f1xx_hal.c 0x00000000   Number         0  stm32f1xx_hal.o ABSOLUTE
    ../Drivers/STM32F1xx_HAL_Driver/Src/stm32f1xx_hal_cortex.c 0x00000000   Number         0  stm32f1xx_hal_cortex.o ABSOLUTE
    ../Drivers/STM32F1xx_HAL_Driver/Src/stm32f1xx_hal_dma.c 0x00000000   Number         0  stm32f1xx_hal_dma.o ABSOLUTE
    ../Drivers/STM32F1xx_HAL_Driver/Src/stm32f1xx_hal_exti.c 0x00000000   Number         0  stm32f1xx_hal_exti.o ABSOLUTE
    ../Drivers/STM32F1xx_HAL_Driver/Src/stm32f1xx_hal_flash.c 0x00000000   Number         0  stm32f1xx_hal_flash.o ABSOLUTE
    ../Drivers/STM32F1xx_HAL_Driver/Src/stm32f1xx_hal_flash_ex.c 0x00000000   Number         0  stm32f1xx_hal_flash_ex.o ABSOLUTE
    ../Drivers/STM32F1xx_HAL_Driver/Src/stm32f1xx_hal_gpio.c 0x00000000   Number         0  stm32f1xx_hal_gpio.o ABSOLUTE
    ../Drivers/STM32F1xx_HAL_Driver/Src/stm32f1xx_hal_gpio_ex.c 0x00000000   Number         0  stm32f1xx_hal_gpio_ex.o ABSOLUTE
    ../Drivers/STM32F1xx_HAL_Driver/Src/stm32f1xx_hal_pwr.c 0x00000000   Number         0  stm32f1xx_hal_pwr.o ABSOLUTE
    ../Drivers/STM32F1xx_HAL_Driver/Src/stm32f1xx_hal_rcc.c 0x00000000   Number         0  stm32f1xx_hal_rcc.o ABSOLUTE
    ../Drivers/STM32F1xx_HAL_Driver/Src/stm32f1xx_hal_rcc_ex.c 0x00000000   Number         0  stm32f1xx_hal_rcc_ex.o ABSOLUTE
    ../Drivers/STM32F1xx_HAL_Driver/Src/stm32f1xx_hal_tim.c 0x00000000   Number         0  stm32f1xx_hal_tim.o ABSOLUTE
    ../Drivers/STM32F1xx_HAL_Driver/Src/stm32f1xx_hal_tim_ex.c 0x00000000   Number         0  stm32f1xx_hal_tim_ex.o ABSOLUTE
    ../Drivers/STM32F1xx_HAL_Driver/Src/stm32f1xx_hal_uart.c 0x00000000   Number         0  stm32f1xx_hal_uart.o ABSOLUTE
    ../Middlewares/Third_Party/FreeRTOS/Source/CMSIS_RTOS_V2/cmsis_os2.c 0x00000000   Number         0  cmsis_os2.o ABSOLUTE
    ../Middlewares/Third_Party/FreeRTOS/Source/croutine.c 0x00000000   Number         0  croutine.o ABSOLUTE
    ../Middlewares/Third_Party/FreeRTOS/Source/event_groups.c 0x00000000   Number         0  event_groups.o ABSOLUTE
    ../Middlewares/Third_Party/FreeRTOS/Source/list.c 0x00000000   Number         0  list.o ABSOLUTE
    ../Middlewares/Third_Party/FreeRTOS/Source/portable/MemMang/heap_4.c 0x00000000   Number         0  heap_4.o ABSOLUTE
    ../Middlewares/Third_Party/FreeRTOS/Source/portable/RVDS/ARM_CM3/port.c 0x00000000   Number         0  port.o ABSOLUTE
    ../Middlewares/Third_Party/FreeRTOS/Source/queue.c 0x00000000   Number         0  queue.o ABSOLUTE
    ../Middlewares/Third_Party/FreeRTOS/Source/stream_buffer.c 0x00000000   Number         0  stream_buffer.o ABSOLUTE
    ../Middlewares/Third_Party/FreeRTOS/Source/tasks.c 0x00000000   Number         0  tasks.o ABSOLUTE
    ../Middlewares/Third_Party/FreeRTOS/Source/timers.c 0x00000000   Number         0  timers.o ABSOLUTE
    ../clib/microlib/division.c              0x00000000   Number         0  uidiv.o ABSOLUTE
    ../clib/microlib/division.c              0x00000000   Number         0  uldiv.o ABSOLUTE
    ../clib/microlib/init/entry.s            0x00000000   Number         0  entry7b.o ABSOLUTE
    ../clib/microlib/init/entry.s            0x00000000   Number         0  entry10b.o ABSOLUTE
    ../clib/microlib/init/entry.s            0x00000000   Number         0  entry11a.o ABSOLUTE
    ../clib/microlib/init/entry.s            0x00000000   Number         0  entry11b.o ABSOLUTE
    ../clib/microlib/init/entry.s            0x00000000   Number         0  entry12a.o ABSOLUTE
    ../clib/microlib/init/entry.s            0x00000000   Number         0  entry12b.o ABSOLUTE
    ../clib/microlib/init/entry.s            0x00000000   Number         0  entry9a.o ABSOLUTE
    ../clib/microlib/init/entry.s            0x00000000   Number         0  entry10a.o ABSOLUTE
    ../clib/microlib/init/entry.s            0x00000000   Number         0  entry.o ABSOLUTE
    ../clib/microlib/init/entry.s            0x00000000   Number         0  entry9b.o ABSOLUTE
    ../clib/microlib/init/entry.s            0x00000000   Number         0  entry8b.o ABSOLUTE
    ../clib/microlib/init/entry.s            0x00000000   Number         0  entry8a.o ABSOLUTE
    ../clib/microlib/init/entry.s            0x00000000   Number         0  entry7a.o ABSOLUTE
    ../clib/microlib/init/entry.s            0x00000000   Number         0  entry5.o ABSOLUTE
    ../clib/microlib/init/entry.s            0x00000000   Number         0  entry2.o ABSOLUTE
    ../clib/microlib/longlong.c              0x00000000   Number         0  llshl.o ABSOLUTE
    ../clib/microlib/longlong.c              0x00000000   Number         0  llsshr.o ABSOLUTE
    ../clib/microlib/longlong.c              0x00000000   Number         0  llushr.o ABSOLUTE
    ../clib/microlib/printf/printf.c         0x00000000   Number         0  printf2.o ABSOLUTE
    ../clib/microlib/printf/printf.c         0x00000000   Number         0  printf8.o ABSOLUTE
    ../clib/microlib/printf/printf.c         0x00000000   Number         0  printf7.o ABSOLUTE
    ../clib/microlib/printf/printf.c         0x00000000   Number         0  printf6.o ABSOLUTE
    ../clib/microlib/printf/printf.c         0x00000000   Number         0  printf5.o ABSOLUTE
    ../clib/microlib/printf/printf.c         0x00000000   Number         0  printf4.o ABSOLUTE
    ../clib/microlib/printf/printf.c         0x00000000   Number         0  printf3.o ABSOLUTE
    ../clib/microlib/printf/printf.c         0x00000000   Number         0  printf1.o ABSOLUTE
    ../clib/microlib/printf/printf.c         0x00000000   Number         0  printf0.o ABSOLUTE
    ../clib/microlib/printf/printf.c         0x00000000   Number         0  printfb.o ABSOLUTE
    ../clib/microlib/printf/printf.c         0x00000000   Number         0  printfa.o ABSOLUTE
    ../clib/microlib/printf/stubs.s          0x00000000   Number         0  stubs.o ABSOLUTE
    ../clib/microlib/stdio/streams.c         0x00000000   Number         0  stdout.o ABSOLUTE
    ../clib/microlib/stdlib/rand.c           0x00000000   Number         0  rand.o ABSOLUTE
    ../clib/microlib/string/memcmp.c         0x00000000   Number         0  memcmp.o ABSOLUTE
    ../clib/microlib/string/memcpy.c         0x00000000   Number         0  memcpyb.o ABSOLUTE
    ../clib/microlib/string/memcpy.c         0x00000000   Number         0  memcpya.o ABSOLUTE
    ../clib/microlib/string/memset.c         0x00000000   Number         0  memset.o ABSOLUTE
    ../clib/microlib/string/memset.c         0x00000000   Number         0  memseta.o ABSOLUTE
    ../clib/microlib/string/strlen.c         0x00000000   Number         0  strlen.o ABSOLUTE
    ../clib/microlib/string/strncmp.c        0x00000000   Number         0  strncmp.o ABSOLUTE
    ../clib/microlib/stubs.s                 0x00000000   Number         0  iusefp.o ABSOLUTE
    ../fplib/microlib/fpadd.c                0x00000000   Number         0  dadd.o ABSOLUTE
    ../fplib/microlib/fpdiv.c                0x00000000   Number         0  ddiv.o ABSOLUTE
    ../fplib/microlib/fpepilogue.c           0x00000000   Number         0  depilogue.o ABSOLUTE
    ../fplib/microlib/fpfix.c                0x00000000   Number         0  dfixul.o ABSOLUTE
    ../fplib/microlib/fpmul.c                0x00000000   Number         0  dmul.o ABSOLUTE
    ..\Core\Src\freertos.c                   0x00000000   Number         0  freertos.o ABSOLUTE
    ..\Core\Src\gpio.c                       0x00000000   Number         0  gpio.o ABSOLUTE
    ..\Core\Src\main.c                       0x00000000   Number         0  main.o ABSOLUTE
    ..\Core\Src\stm32f1xx_hal_msp.c          0x00000000   Number         0  stm32f1xx_hal_msp.o ABSOLUTE
    ..\Core\Src\stm32f1xx_hal_timebase_tim.c 0x00000000   Number         0  stm32f1xx_hal_timebase_tim.o ABSOLUTE
    ..\Core\Src\stm32f1xx_it.c               0x00000000   Number         0  stm32f1xx_it.o ABSOLUTE
    ..\Core\Src\system_stm32f1xx.c           0x00000000   Number         0  system_stm32f1xx.o ABSOLUTE
    ..\Core\Src\usart.c                      0x00000000   Number         0  usart.o ABSOLUTE
    ..\Drivers\STM32F1xx_HAL_Driver\Src\stm32f1xx_hal.c 0x00000000   Number         0  stm32f1xx_hal.o ABSOLUTE
    ..\Drivers\STM32F1xx_HAL_Driver\Src\stm32f1xx_hal_cortex.c 0x00000000   Number         0  stm32f1xx_hal_cortex.o ABSOLUTE
    ..\Drivers\STM32F1xx_HAL_Driver\Src\stm32f1xx_hal_dma.c 0x00000000   Number         0  stm32f1xx_hal_dma.o ABSOLUTE
    ..\Drivers\STM32F1xx_HAL_Driver\Src\stm32f1xx_hal_exti.c 0x00000000   Number         0  stm32f1xx_hal_exti.o ABSOLUTE
    ..\Drivers\STM32F1xx_HAL_Driver\Src\stm32f1xx_hal_flash.c 0x00000000   Number         0  stm32f1xx_hal_flash.o ABSOLUTE
    ..\Drivers\STM32F1xx_HAL_Driver\Src\stm32f1xx_hal_flash_ex.c 0x00000000   Number         0  stm32f1xx_hal_flash_ex.o ABSOLUTE
    ..\Drivers\STM32F1xx_HAL_Driver\Src\stm32f1xx_hal_gpio.c 0x00000000   Number         0  stm32f1xx_hal_gpio.o ABSOLUTE
    ..\Drivers\STM32F1xx_HAL_Driver\Src\stm32f1xx_hal_gpio_ex.c 0x00000000   Number         0  stm32f1xx_hal_gpio_ex.o ABSOLUTE
    ..\Drivers\STM32F1xx_HAL_Driver\Src\stm32f1xx_hal_pwr.c 0x00000000   Number         0  stm32f1xx_hal_pwr.o ABSOLUTE
    ..\Drivers\STM32F1xx_HAL_Driver\Src\stm32f1xx_hal_rcc.c 0x00000000   Number         0  stm32f1xx_hal_rcc.o ABSOLUTE
    ..\Drivers\STM32F1xx_HAL_Driver\Src\stm32f1xx_hal_rcc_ex.c 0x00000000   Number         0  stm32f1xx_hal_rcc_ex.o ABSOLUTE
    ..\Drivers\STM32F1xx_HAL_Driver\Src\stm32f1xx_hal_tim.c 0x00000000   Number         0  stm32f1xx_hal_tim.o ABSOLUTE
    ..\Drivers\STM32F1xx_HAL_Driver\Src\stm32f1xx_hal_tim_ex.c 0x00000000   Number         0  stm32f1xx_hal_tim_ex.o ABSOLUTE
    ..\Drivers\STM32F1xx_HAL_Driver\Src\stm32f1xx_hal_uart.c 0x00000000   Number         0  stm32f1xx_hal_uart.o ABSOLUTE
    ..\MQTT\common\mqtt_list.c               0x00000000   Number         0  mqtt_list.o ABSOLUTE
    ..\MQTT\common\random.c                  0x00000000   Number         0  random.o ABSOLUTE
    ..\MQTT\mqtt\MQTTConnectClient.c         0x00000000   Number         0  mqttconnectclient.o ABSOLUTE
    ..\MQTT\mqtt\MQTTConnectServer.c         0x00000000   Number         0  mqttconnectserver.o ABSOLUTE
    ..\MQTT\mqtt\MQTTDeserializePublish.c    0x00000000   Number         0  mqttdeserializepublish.o ABSOLUTE
    ..\MQTT\mqtt\MQTTFormat.c                0x00000000   Number         0  mqttformat.o ABSOLUTE
    ..\MQTT\mqtt\MQTTPacket.c                0x00000000   Number         0  mqttpacket.o ABSOLUTE
    ..\MQTT\mqtt\MQTTSerializePublish.c      0x00000000   Number         0  mqttserializepublish.o ABSOLUTE
    ..\MQTT\mqtt\MQTTSubscribeClient.c       0x00000000   Number         0  mqttsubscribeclient.o ABSOLUTE
    ..\MQTT\mqtt\MQTTSubscribeServer.c       0x00000000   Number         0  mqttsubscribeserver.o ABSOLUTE
    ..\MQTT\mqtt\MQTTUnsubscribeClient.c     0x00000000   Number         0  mqttunsubscribeclient.o ABSOLUTE
    ..\MQTT\mqtt\MQTTUnsubscribeServer.c     0x00000000   Number         0  mqttunsubscribeserver.o ABSOLUTE
    ..\MQTT\mqttclient\mqttclient.c          0x00000000   Number         0  mqttclient.o ABSOLUTE
    ..\MQTT\network\nettype_tcp.c            0x00000000   Number         0  nettype_tcp.o ABSOLUTE
    ..\MQTT\network\nettype_tls.c            0x00000000   Number         0  nettype_tls.o ABSOLUTE
    ..\MQTT\network\network.c                0x00000000   Number         0  network.o ABSOLUTE
    ..\MQTT\platform\FreeRTOS\platform_memory.c 0x00000000   Number         0  platform_memory.o ABSOLUTE
    ..\MQTT\platform\FreeRTOS\platform_mutex.c 0x00000000   Number         0  platform_mutex.o ABSOLUTE
    ..\MQTT\platform\FreeRTOS\platform_net_socket.c 0x00000000   Number         0  platform_net_socket.o ABSOLUTE
    ..\MQTT\platform\FreeRTOS\platform_thread.c 0x00000000   Number         0  platform_thread.o ABSOLUTE
    ..\MQTT\platform\FreeRTOS\platform_timer.c 0x00000000   Number         0  platform_timer.o ABSOLUTE
    ..\Middlewares\Third_Party\FreeRTOS\Source\CMSIS_RTOS_V2\cmsis_os2.c 0x00000000   Number         0  cmsis_os2.o ABSOLUTE
    ..\Middlewares\Third_Party\FreeRTOS\Source\portable\RVDS\ARM_CM3\port.c 0x00000000   Number         0  port.o ABSOLUTE
    ..\ModuleDrivers\driver_usart.c          0x00000000   Number         0  driver_usart.o ABSOLUTE
    ..\ModuleDrivers\ring_buffer.c           0x00000000   Number         0  ring_buffer.o ABSOLUTE
    ..\\ModuleDrivers\\driver_usart.c        0x00000000   Number         0  driver_usart.o ABSOLUTE
    ..\\ModuleDrivers\\ring_buffer.c         0x00000000   Number         0  ring_buffer.o ABSOLUTE
    cdrcmple.s                               0x00000000   Number         0  cdrcmple.o ABSOLUTE
    dc.s                                     0x00000000   Number         0  dc.o ABSOLUTE
    handlers.s                               0x00000000   Number         0  handlers.o ABSOLUTE
    init.s                                   0x00000000   Number         0  init.o ABSOLUTE
    startup_stm32f103xb.s                    0x00000000   Number         0  startup_stm32f103xb.o ABSOLUTE
    RESET                                    0x08000000   Section      236  startup_stm32f103xb.o(RESET)
    .ARM.Collect$$$$00000000                 0x080000ec   Section        0  entry.o(.ARM.Collect$$$$00000000)
    .ARM.Collect$$$$00000001                 0x080000ec   Section        4  entry2.o(.ARM.Collect$$$$00000001)
    .ARM.Collect$$$$00000004                 0x080000f0   Section        4  entry5.o(.ARM.Collect$$$$00000004)
    .ARM.Collect$$$$00000008                 0x080000f4   Section        0  entry7b.o(.ARM.Collect$$$$00000008)
    .ARM.Collect$$$$0000000A                 0x080000f4   Section        0  entry8b.o(.ARM.Collect$$$$0000000A)
    .ARM.Collect$$$$0000000B                 0x080000f4   Section        8  entry9a.o(.ARM.Collect$$$$0000000B)
    .ARM.Collect$$$$0000000E                 0x080000fc   Section        4  entry12b.o(.ARM.Collect$$$$0000000E)
    .ARM.Collect$$$$0000000F                 0x08000100   Section        0  entry10a.o(.ARM.Collect$$$$0000000F)
    .ARM.Collect$$$$00000011                 0x08000100   Section        0  entry11a.o(.ARM.Collect$$$$00000011)
    .ARM.Collect$$$$00002712                 0x08000100   Section        4  entry2.o(.ARM.Collect$$$$00002712)
    __lit__00000000                          0x08000100   Data           4  entry2.o(.ARM.Collect$$$$00002712)
    .emb_text                                0x08000104   Section      150  port.o(.emb_text)
    .text                                    0x0800019c   Section       36  startup_stm32f103xb.o(.text)
    .text                                    0x080001c0   Section        0  llushr.o(.text)
    .text                                    0x080001e0   Section        0  memseta.o(.text)
    .text                                    0x08000204   Section        0  uldiv.o(.text)
    .text                                    0x08000268   Section       36  init.o(.text)
    .text                                    0x0800028c   Section        0  llshl.o(.text)
    i.BusFault_Handler                       0x080002aa   Section        0  stm32f1xx_it.o(i.BusFault_Handler)
    i.DebugMon_Handler                       0x080002ae   Section        0  stm32f1xx_it.o(i.DebugMon_Handler)
    i.EXTI0_IRQHandler                       0x080002b0   Section        0  stm32f1xx_it.o(i.EXTI0_IRQHandler)
    i.EnableDebugIRQ                         0x080002bc   Section        0  driver_usart.o(i.EnableDebugIRQ)
    i.EnableUART2IRQ                         0x080002e4   Section        0  driver_usart.o(i.EnableUART2IRQ)
    i.Error_Handler                          0x0800031c   Section        0  main.o(i.Error_Handler)
    i.HAL_DMA_Abort                          0x08000322   Section        0  stm32f1xx_hal_dma.o(i.HAL_DMA_Abort)
    i.HAL_DMA_Abort_IT                       0x08000378   Section        0  stm32f1xx_hal_dma.o(i.HAL_DMA_Abort_IT)
    i.HAL_GPIO_EXTI_Callback                 0x08000428   Section        0  stm32f1xx_hal_gpio.o(i.HAL_GPIO_EXTI_Callback)
    i.HAL_GPIO_EXTI_IRQHandler               0x0800042c   Section        0  stm32f1xx_hal_gpio.o(i.HAL_GPIO_EXTI_IRQHandler)
    i.HAL_GPIO_Init                          0x08000448   Section        0  stm32f1xx_hal_gpio.o(i.HAL_GPIO_Init)
    i.HAL_GPIO_WritePin                      0x08000768   Section        0  stm32f1xx_hal_gpio.o(i.HAL_GPIO_WritePin)
    i.HAL_GetTick                            0x08000774   Section        0  stm32f1xx_hal.o(i.HAL_GetTick)
    i.HAL_IncTick                            0x08000780   Section        0  stm32f1xx_hal.o(i.HAL_IncTick)
    i.HAL_Init                               0x08000798   Section        0  stm32f1xx_hal.o(i.HAL_Init)
    i.HAL_InitTick                           0x080007c0   Section        0  stm32f1xx_hal_timebase_tim.o(i.HAL_InitTick)
    i.HAL_MspInit                            0x08000860   Section        0  stm32f1xx_hal_msp.o(i.HAL_MspInit)
    i.HAL_NVIC_EnableIRQ                     0x080008c0   Section        0  stm32f1xx_hal_cortex.o(i.HAL_NVIC_EnableIRQ)
    i.HAL_NVIC_SetPriority                   0x080008e0   Section        0  stm32f1xx_hal_cortex.o(i.HAL_NVIC_SetPriority)
    i.HAL_NVIC_SetPriorityGrouping           0x0800095c   Section        0  stm32f1xx_hal_cortex.o(i.HAL_NVIC_SetPriorityGrouping)
    i.HAL_RCC_ClockConfig                    0x08000984   Section        0  stm32f1xx_hal_rcc.o(i.HAL_RCC_ClockConfig)
    i.HAL_RCC_GetClockConfig                 0x08000b10   Section        0  stm32f1xx_hal_rcc.o(i.HAL_RCC_GetClockConfig)
    i.HAL_RCC_GetHCLKFreq                    0x08000b54   Section        0  stm32f1xx_hal_rcc.o(i.HAL_RCC_GetHCLKFreq)
    i.HAL_RCC_GetPCLK1Freq                   0x08000b60   Section        0  stm32f1xx_hal_rcc.o(i.HAL_RCC_GetPCLK1Freq)
    i.HAL_RCC_GetPCLK2Freq                   0x08000b80   Section        0  stm32f1xx_hal_rcc.o(i.HAL_RCC_GetPCLK2Freq)
    i.HAL_RCC_GetSysClockFreq                0x08000ba0   Section        0  stm32f1xx_hal_rcc.o(i.HAL_RCC_GetSysClockFreq)
    i.HAL_RCC_OscConfig                      0x08000c10   Section        0  stm32f1xx_hal_rcc.o(i.HAL_RCC_OscConfig)
    i.HAL_TIMEx_BreakCallback                0x08001074   Section        0  stm32f1xx_hal_tim_ex.o(i.HAL_TIMEx_BreakCallback)
    i.HAL_TIMEx_CommutCallback               0x08001076   Section        0  stm32f1xx_hal_tim_ex.o(i.HAL_TIMEx_CommutCallback)
    i.HAL_TIM_Base_Init                      0x08001078   Section        0  stm32f1xx_hal_tim.o(i.HAL_TIM_Base_Init)
    i.HAL_TIM_Base_MspInit                   0x080010de   Section        0  stm32f1xx_hal_tim.o(i.HAL_TIM_Base_MspInit)
    i.HAL_TIM_Base_Start_IT                  0x080010e0   Section        0  stm32f1xx_hal_tim.o(i.HAL_TIM_Base_Start_IT)
    i.HAL_TIM_IC_CaptureCallback             0x08001158   Section        0  stm32f1xx_hal_tim.o(i.HAL_TIM_IC_CaptureCallback)
    i.HAL_TIM_IRQHandler                     0x0800115a   Section        0  stm32f1xx_hal_tim.o(i.HAL_TIM_IRQHandler)
    i.HAL_TIM_OC_DelayElapsedCallback        0x080012f0   Section        0  stm32f1xx_hal_tim.o(i.HAL_TIM_OC_DelayElapsedCallback)
    i.HAL_TIM_PWM_PulseFinishedCallback      0x080012f2   Section        0  stm32f1xx_hal_tim.o(i.HAL_TIM_PWM_PulseFinishedCallback)
    i.HAL_TIM_PeriodElapsedCallback          0x080012f4   Section        0  main.o(i.HAL_TIM_PeriodElapsedCallback)
    i.HAL_TIM_TriggerCallback                0x0800130c   Section        0  stm32f1xx_hal_tim.o(i.HAL_TIM_TriggerCallback)
    i.HAL_UARTEx_RxEventCallback             0x0800130e   Section        0  stm32f1xx_hal_uart.o(i.HAL_UARTEx_RxEventCallback)
    i.HAL_UART_ErrorCallback                 0x08001310   Section        0  stm32f1xx_hal_uart.o(i.HAL_UART_ErrorCallback)
    i.HAL_UART_IRQHandler                    0x08001314   Section        0  stm32f1xx_hal_uart.o(i.HAL_UART_IRQHandler)
    i.HAL_UART_Init                          0x080015f8   Section        0  stm32f1xx_hal_uart.o(i.HAL_UART_Init)
    i.HAL_UART_MspInit                       0x08001670   Section        0  usart.o(i.HAL_UART_MspInit)
    i.HAL_UART_RxCpltCallback                0x08001770   Section        0  driver_usart.o(i.HAL_UART_RxCpltCallback)
    i.HAL_UART_Transmit_IT                   0x08001788   Section        0  stm32f1xx_hal_uart.o(i.HAL_UART_Transmit_IT)
    i.HAL_UART_TxCpltCallback                0x080017c0   Section        0  driver_usart.o(i.HAL_UART_TxCpltCallback)
    i.HardFault_Handler                      0x080017d8   Section        0  stm32f1xx_it.o(i.HardFault_Handler)
    i.MX_FREERTOS_Init                       0x080017dc   Section        0  freertos.o(i.MX_FREERTOS_Init)
    i.MX_GPIO_Init                           0x080017fc   Section        0  gpio.o(i.MX_GPIO_Init)
    i.MX_USART1_UART_Init                    0x08001898   Section        0  usart.o(i.MX_USART1_UART_Init)
    i.MX_USART2_UART_Init                    0x080018d0   Section        0  usart.o(i.MX_USART2_UART_Init)
    i.MemManage_Handler                      0x08001908   Section        0  stm32f1xx_it.o(i.MemManage_Handler)
    i.NMI_Handler                            0x0800190c   Section        0  stm32f1xx_it.o(i.NMI_Handler)
    i.RCC_Delay                              0x08001910   Section        0  stm32f1xx_hal_rcc.o(i.RCC_Delay)
    RCC_Delay                                0x08001911   Thumb Code    36  stm32f1xx_hal_rcc.o(i.RCC_Delay)
    i.StartDefaultTask                       0x08001938   Section        0  freertos.o(i.StartDefaultTask)
    i.SysTick_Handler                        0x08001944   Section        0  port.o(i.SysTick_Handler)
    i.SystemClock_Config                     0x08001978   Section        0  main.o(i.SystemClock_Config)
    i.SystemInit                             0x080019de   Section        0  system_stm32f1xx.o(i.SystemInit)
    i.TIM1_UP_IRQHandler                     0x080019e0   Section        0  stm32f1xx_it.o(i.TIM1_UP_IRQHandler)
    i.TIM_Base_SetConfig                     0x080019f0   Section        0  stm32f1xx_hal_tim.o(i.TIM_Base_SetConfig)
    i.UART_DMAAbortOnError                   0x08001a64   Section        0  stm32f1xx_hal_uart.o(i.UART_DMAAbortOnError)
    UART_DMAAbortOnError                     0x08001a65   Thumb Code    20  stm32f1xx_hal_uart.o(i.UART_DMAAbortOnError)
    i.UART_EndRxTransfer                     0x08001a78   Section        0  stm32f1xx_hal_uart.o(i.UART_EndRxTransfer)
    UART_EndRxTransfer                       0x08001a79   Thumb Code   108  stm32f1xx_hal_uart.o(i.UART_EndRxTransfer)
    i.UART_EndTransmit_IT                    0x08001ae4   Section        0  stm32f1xx_hal_uart.o(i.UART_EndTransmit_IT)
    UART_EndTransmit_IT                      0x08001ae5   Thumb Code    32  stm32f1xx_hal_uart.o(i.UART_EndTransmit_IT)
    i.UART_Receive_IT                        0x08001b04   Section        0  stm32f1xx_hal_uart.o(i.UART_Receive_IT)
    UART_Receive_IT                          0x08001b05   Thumb Code   252  stm32f1xx_hal_uart.o(i.UART_Receive_IT)
    i.UART_SetConfig                         0x08001c00   Section        0  stm32f1xx_hal_uart.o(i.UART_SetConfig)
    UART_SetConfig                           0x08001c01   Thumb Code   248  stm32f1xx_hal_uart.o(i.UART_SetConfig)
    i.UART_Transmit_IT                       0x08001cfc   Section        0  stm32f1xx_hal_uart.o(i.UART_Transmit_IT)
    UART_Transmit_IT                         0x08001cfd   Thumb Code    96  stm32f1xx_hal_uart.o(i.UART_Transmit_IT)
    i.USART1_IRQHandler                      0x08001d5c   Section        0  driver_usart.o(i.USART1_IRQHandler)
    i.USART2_IRQHandler                      0x08001d90   Section        0  main.o(i.USART2_IRQHandler)
    i.USART2_Write                           0x08001dc8   Section        0  main.o(i.USART2_Write)
    i.UsageFault_Handler                     0x08001df4   Section        0  stm32f1xx_it.o(i.UsageFault_Handler)
    i.__0printf$8                            0x08001df8   Section        0  printf8.o(i.__0printf$8)
    i.__NVIC_GetPriorityGrouping             0x08001e18   Section        0  stm32f1xx_hal_cortex.o(i.__NVIC_GetPriorityGrouping)
    __NVIC_GetPriorityGrouping               0x08001e19   Thumb Code    10  stm32f1xx_hal_cortex.o(i.__NVIC_GetPriorityGrouping)
    i.__NVIC_SetPriority                     0x08001e28   Section        0  stm32f1xx_hal_cortex.o(i.__NVIC_SetPriority)
    __NVIC_SetPriority                       0x08001e29   Thumb Code    32  stm32f1xx_hal_cortex.o(i.__NVIC_SetPriority)
    i.__get_BASEPRI                          0x08001e50   Section        0  cmsis_os2.o(i.__get_BASEPRI)
    __get_BASEPRI                            0x08001e51   Thumb Code     6  cmsis_os2.o(i.__get_BASEPRI)
    i.__get_IPSR                             0x08001e56   Section        0  cmsis_os2.o(i.__get_IPSR)
    __get_IPSR                               0x08001e57   Thumb Code     6  cmsis_os2.o(i.__get_IPSR)
    i.__get_PRIMASK                          0x08001e5c   Section        0  cmsis_os2.o(i.__get_PRIMASK)
    __get_PRIMASK                            0x08001e5d   Thumb Code     6  cmsis_os2.o(i.__get_PRIMASK)
    i.__scatterload_copy                     0x08001e62   Section       14  handlers.o(i.__scatterload_copy)
    i.__scatterload_null                     0x08001e70   Section        2  handlers.o(i.__scatterload_null)
    i.__scatterload_zeroinit                 0x08001e72   Section       14  handlers.o(i.__scatterload_zeroinit)
    i._printf_core                           0x08001e80   Section        0  printf8.o(i._printf_core)
    _printf_core                             0x08001e81   Thumb Code   984  printf8.o(i._printf_core)
    i._printf_post_padding                   0x08002284   Section        0  printf8.o(i._printf_post_padding)
    _printf_post_padding                     0x08002285   Thumb Code    36  printf8.o(i._printf_post_padding)
    i._printf_pre_padding                    0x080022a8   Section        0  printf8.o(i._printf_pre_padding)
    _printf_pre_padding                      0x080022a9   Thumb Code    46  printf8.o(i._printf_pre_padding)
    i.fputc                                  0x080022d8   Section        0  driver_usart.o(i.fputc)
    i.main                                   0x08002300   Section        0  main.o(i.main)
    i.osDelay                                0x08002364   Section        0  cmsis_os2.o(i.osDelay)
    i.osKernelInitialize                     0x0800239c   Section        0  cmsis_os2.o(i.osKernelInitialize)
    i.osThreadNew                            0x080023dc   Section        0  cmsis_os2.o(i.osThreadNew)
    i.prvAddCurrentTaskToDelayedList         0x080024b8   Section        0  tasks.o(i.prvAddCurrentTaskToDelayedList)
    prvAddCurrentTaskToDelayedList           0x080024b9   Thumb Code   100  tasks.o(i.prvAddCurrentTaskToDelayedList)
    i.prvAddNewTaskToReadyList               0x08002534   Section        0  tasks.o(i.prvAddNewTaskToReadyList)
    prvAddNewTaskToReadyList                 0x08002535   Thumb Code   154  tasks.o(i.prvAddNewTaskToReadyList)
    i.prvHeapInit                            0x080025ec   Section        0  heap_4.o(i.prvHeapInit)
    prvHeapInit                              0x080025ed   Thumb Code    98  heap_4.o(i.prvHeapInit)
    i.prvInitialiseNewTask                   0x08002668   Section        0  tasks.o(i.prvInitialiseNewTask)
    prvInitialiseNewTask                     0x08002669   Thumb Code   180  tasks.o(i.prvInitialiseNewTask)
    i.prvInitialiseTaskLists                 0x0800271c   Section        0  tasks.o(i.prvInitialiseTaskLists)
    prvInitialiseTaskLists                   0x0800271d   Thumb Code    70  tasks.o(i.prvInitialiseTaskLists)
    i.prvInsertBlockIntoFreeList             0x08002784   Section        0  heap_4.o(i.prvInsertBlockIntoFreeList)
    prvInsertBlockIntoFreeList               0x08002785   Thumb Code    96  heap_4.o(i.prvInsertBlockIntoFreeList)
    i.prvResetNextTaskUnblockTime            0x080027ec   Section        0  tasks.o(i.prvResetNextTaskUnblockTime)
    prvResetNextTaskUnblockTime              0x080027ed   Thumb Code    42  tasks.o(i.prvResetNextTaskUnblockTime)
    i.prvTaskExitError                       0x08002820   Section        0  port.o(i.prvTaskExitError)
    prvTaskExitError                         0x08002821   Thumb Code    60  port.o(i.prvTaskExitError)
    i.pvPortMalloc                           0x08002860   Section        0  heap_4.o(i.pvPortMalloc)
    i.pxPortInitialiseStack                  0x0800299c   Section        0  port.o(i.pxPortInitialiseStack)
    i.ring_buffer_init                       0x080029c0   Section        0  ring_buffer.o(i.ring_buffer_init)
    i.ring_buffer_write                      0x080029cc   Section        0  ring_buffer.o(i.ring_buffer_write)
    i.uxListRemove                           0x080029ea   Section        0  list.o(i.uxListRemove)
    i.vListInitialise                        0x08002a12   Section        0  list.o(i.vListInitialise)
    i.vListInitialiseItem                    0x08002a2c   Section        0  list.o(i.vListInitialiseItem)
    i.vListInsert                            0x08002a32   Section        0  list.o(i.vListInsert)
    i.vListInsertEnd                         0x08002a66   Section        0  list.o(i.vListInsertEnd)
    i.vPortEnterCritical                     0x08002a80   Section        0  port.o(i.vPortEnterCritical)
    i.vPortExitCritical                      0x08002ad4   Section        0  port.o(i.vPortExitCritical)
    i.vPortFree                              0x08002b10   Section        0  heap_4.o(i.vPortFree)
    i.vTaskDelay                             0x08002ba4   Section        0  tasks.o(i.vTaskDelay)
    i.vTaskSuspendAll                        0x08002c00   Section        0  tasks.o(i.vTaskSuspendAll)
    i.vTaskSwitchContext                     0x08002c10   Section        0  tasks.o(i.vTaskSwitchContext)
    i.xTaskCreate                            0x08002ca0   Section        0  tasks.o(i.xTaskCreate)
    i.xTaskCreateStatic                      0x08002d04   Section        0  tasks.o(i.xTaskCreateStatic)
    i.xTaskIncrementTick                     0x08002dbc   Section        0  tasks.o(i.xTaskIncrementTick)
    i.xTaskResumeAll                         0x08002f00   Section        0  tasks.o(i.xTaskResumeAll)
    .constdata                               0x08003004   Section       36  freertos.o(.constdata)
    .constdata                               0x08003028   Section       18  stm32f1xx_hal_rcc.o(.constdata)
    aPLLMULFactorTable                       0x08003028   Data          16  stm32f1xx_hal_rcc.o(.constdata)
    aPredivFactorTable                       0x08003038   Data           2  stm32f1xx_hal_rcc.o(.constdata)
    .constdata                               0x0800303a   Section       24  system_stm32f1xx.o(.constdata)
    .conststring                             0x08003054   Section       12  freertos.o(.conststring)
    .data                                    0x20000000   Section        4  freertos.o(.data)
    .data                                    0x20000004   Section        9  stm32f1xx_hal.o(.data)
    .data                                    0x20000010   Section        4  system_stm32f1xx.o(.data)
    .data                                    0x20000014   Section       60  tasks.o(.data)
    pxDelayedTaskList                        0x20000018   Data           4  tasks.o(.data)
    pxOverflowDelayedTaskList                0x2000001c   Data           4  tasks.o(.data)
    uxDeletedTasksWaitingCleanUp             0x20000020   Data           4  tasks.o(.data)
    uxCurrentNumberOfTasks                   0x20000024   Data           4  tasks.o(.data)
    xTickCount                               0x20000028   Data           4  tasks.o(.data)
    uxTopReadyPriority                       0x2000002c   Data           4  tasks.o(.data)
    xSchedulerRunning                        0x20000030   Data           4  tasks.o(.data)
    uxPendedTicks                            0x20000034   Data           4  tasks.o(.data)
    xYieldPending                            0x20000038   Data           4  tasks.o(.data)
    xNumOfOverflows                          0x2000003c   Data           4  tasks.o(.data)
    uxTaskNumber                             0x20000040   Data           4  tasks.o(.data)
    xNextTaskUnblockTime                     0x20000044   Data           4  tasks.o(.data)
    xIdleTaskHandle                          0x20000048   Data           4  tasks.o(.data)
    uxSchedulerSuspended                     0x2000004c   Data           4  tasks.o(.data)
    .data                                    0x20000050   Section        4  cmsis_os2.o(.data)
    KernelState                              0x20000050   Data           4  cmsis_os2.o(.data)
    .data                                    0x20000054   Section       24  heap_4.o(.data)
    xStart                                   0x20000054   Data           8  heap_4.o(.data)
    pxEnd                                    0x2000005c   Data           4  heap_4.o(.data)
    xFreeBytesRemaining                      0x20000060   Data           4  heap_4.o(.data)
    xMinimumEverFreeBytesRemaining           0x20000064   Data           4  heap_4.o(.data)
    xBlockAllocatedBit                       0x20000068   Data           4  heap_4.o(.data)
    .data                                    0x2000006c   Section       12  port.o(.data)
    uxCriticalNesting                        0x2000006c   Data           4  port.o(.data)
    ucMaxSysCallPriority                     0x20000070   Data           1  port.o(.data)
    ulMaxPRIGROUPValue                       0x20000074   Data           4  port.o(.data)
    .data                                    0x20000078   Section        3  driver_usart.o(.data)
    txcplt_flag                              0x20000078   Data           1  driver_usart.o(.data)
    rxcplt_flag                              0x20000079   Data           1  driver_usart.o(.data)
    rx_data                                  0x2000007a   Data           1  driver_usart.o(.data)
    .data                                    0x2000007c   Section        4  stdout.o(.data)
    .bss                                     0x20000080   Section     2064  main.o(.bss)
    .bss                                     0x20000890   Section      144  usart.o(.bss)
    .bss                                     0x20000920   Section       72  stm32f1xx_hal_timebase_tim.o(.bss)
    .bss                                     0x20000968   Section     1220  tasks.o(.bss)
    pxReadyTasksLists                        0x20000968   Data        1120  tasks.o(.bss)
    xDelayedTaskList1                        0x20000dc8   Data          20  tasks.o(.bss)
    xDelayedTaskList2                        0x20000ddc   Data          20  tasks.o(.bss)
    xPendingReadyList                        0x20000df0   Data          20  tasks.o(.bss)
    xTasksWaitingTermination                 0x20000e04   Data          20  tasks.o(.bss)
    xSuspendedTaskList                       0x20000e18   Data          20  tasks.o(.bss)
    .bss                                     0x20000e2c   Section     3072  heap_4.o(.bss)
    ucHeap                                   0x20000e2c   Data        3072  heap_4.o(.bss)
    STACK                                    0x20001a30   Section     1024  startup_stm32f103xb.o(STACK)

    Global Symbols

    Symbol Name                              Value     Ov Type        Size  Object(Section)

    BuildAttributes$$THM_ISAv4$P$D$K$B$S$PE$A:L22UL41UL21$X:L11$S22US41US21$IEEE1$IW$USESV6$~STKCKD$USESV7$~SHL$OSPACE$ROPI$EBA8$MICROLIB$REQ8$PRES8$EABIv2 0x00000000   Number         0  anon$$obj.o ABSOLUTE
    __ARM_use_no_argv                        0x00000000   Number         0  main.o ABSOLUTE
    _printf_a                                0x00000000   Number         0  stubs.o ABSOLUTE
    _printf_c                                0x00000000   Number         0  stubs.o ABSOLUTE
    _printf_charcount                        0x00000000   Number         0  stubs.o ABSOLUTE
    _printf_d                                0x00000000   Number         0  stubs.o ABSOLUTE
    _printf_e                                0x00000000   Number         0  stubs.o ABSOLUTE
    _printf_f                                0x00000000   Number         0  stubs.o ABSOLUTE
    _printf_flags                            0x00000000   Number         0  stubs.o ABSOLUTE
    _printf_fp_dec                           0x00000000   Number         0  stubs.o ABSOLUTE
    _printf_fp_hex                           0x00000000   Number         0  stubs.o ABSOLUTE
    _printf_g                                0x00000000   Number         0  stubs.o ABSOLUTE
    _printf_i                                0x00000000   Number         0  stubs.o ABSOLUTE
    _printf_int_dec                          0x00000000   Number         0  stubs.o ABSOLUTE
    _printf_l                                0x00000000   Number         0  stubs.o ABSOLUTE
    _printf_lc                               0x00000000   Number         0  stubs.o ABSOLUTE
    _printf_ll                               0x00000000   Number         0  stubs.o ABSOLUTE
    _printf_lld                              0x00000000   Number         0  stubs.o ABSOLUTE
    _printf_lli                              0x00000000   Number         0  stubs.o ABSOLUTE
    _printf_llo                              0x00000000   Number         0  stubs.o ABSOLUTE
    _printf_llu                              0x00000000   Number         0  stubs.o ABSOLUTE
    _printf_llx                              0x00000000   Number         0  stubs.o ABSOLUTE
    _printf_longlong_dec                     0x00000000   Number         0  stubs.o ABSOLUTE
    _printf_longlong_hex                     0x00000000   Number         0  stubs.o ABSOLUTE
    _printf_longlong_oct                     0x00000000   Number         0  stubs.o ABSOLUTE
    _printf_ls                               0x00000000   Number         0  stubs.o ABSOLUTE
    _printf_mbtowc                           0x00000000   Number         0  stubs.o ABSOLUTE
    _printf_n                                0x00000000   Number         0  stubs.o ABSOLUTE
    _printf_o                                0x00000000   Number         0  stubs.o ABSOLUTE
    _printf_p                                0x00000000   Number         0  stubs.o ABSOLUTE
    _printf_percent                          0x00000000   Number         0  stubs.o ABSOLUTE
    _printf_pre_padding                      0x00000000   Number         0  stubs.o ABSOLUTE
    _printf_return_value                     0x00000000   Number         0  stubs.o ABSOLUTE
    _printf_s                                0x00000000   Number         0  stubs.o ABSOLUTE
    _printf_sizespec                         0x00000000   Number         0  stubs.o ABSOLUTE
    _printf_str                              0x00000000   Number         0  stubs.o ABSOLUTE
    _printf_truncate_signed                  0x00000000   Number         0  stubs.o ABSOLUTE
    _printf_truncate_unsigned                0x00000000   Number         0  stubs.o ABSOLUTE
    _printf_u                                0x00000000   Number         0  stubs.o ABSOLUTE
    _printf_wc                               0x00000000   Number         0  stubs.o ABSOLUTE
    _printf_wctomb                           0x00000000   Number         0  stubs.o ABSOLUTE
    _printf_widthprec                        0x00000000   Number         0  stubs.o ABSOLUTE
    _printf_x                                0x00000000   Number         0  stubs.o ABSOLUTE
    __arm_fini_                               - Undefined Weak Reference
    __cpp_initialize__aeabi_                  - Undefined Weak Reference
    __cxa_finalize                            - Undefined Weak Reference
    __decompress                              - Undefined Weak Reference
    _clock_init                               - Undefined Weak Reference
    _microlib_exit                            - Undefined Weak Reference
    __Vectors_Size                           0x000000ec   Number         0  startup_stm32f103xb.o ABSOLUTE
    __Vectors                                0x08000000   Data           4  startup_stm32f103xb.o(RESET)
    __Vectors_End                            0x080000ec   Data           0  startup_stm32f103xb.o(RESET)
    __main                                   0x080000ed   Thumb Code     0  entry.o(.ARM.Collect$$$$00000000)
    _main_stk                                0x080000ed   Thumb Code     0  entry2.o(.ARM.Collect$$$$00000001)
    _main_scatterload                        0x080000f1   Thumb Code     0  entry5.o(.ARM.Collect$$$$00000004)
    __main_after_scatterload                 0x080000f5   Thumb Code     0  entry5.o(.ARM.Collect$$$$00000004)
    _main_clock                              0x080000f5   Thumb Code     0  entry7b.o(.ARM.Collect$$$$00000008)
    _main_cpp_init                           0x080000f5   Thumb Code     0  entry8b.o(.ARM.Collect$$$$0000000A)
    _main_init                               0x080000f5   Thumb Code     0  entry9a.o(.ARM.Collect$$$$0000000B)
    __rt_lib_shutdown_fini                   0x080000fd   Thumb Code     0  entry12b.o(.ARM.Collect$$$$0000000E)
    __rt_final_cpp                           0x08000101   Thumb Code     0  entry10a.o(.ARM.Collect$$$$0000000F)
    __rt_final_exit                          0x08000101   Thumb Code     0  entry11a.o(.ARM.Collect$$$$00000011)
    SVC_Handler                              0x08000105   Thumb Code    32  port.o(.emb_text)
    __asm___6_port_c_39a90d8d__prvStartFirstTask 0x08000129   Thumb Code    28  port.o(.emb_text)
    PendSV_Handler                           0x08000149   Thumb Code    72  port.o(.emb_text)
    vPortGetIPSR                             0x08000195   Thumb Code     6  port.o(.emb_text)
    Reset_Handler                            0x0800019d   Thumb Code     8  startup_stm32f103xb.o(.text)
    ADC1_2_IRQHandler                        0x080001b7   Thumb Code     0  startup_stm32f103xb.o(.text)
    CAN1_RX1_IRQHandler                      0x080001b7   Thumb Code     0  startup_stm32f103xb.o(.text)
    CAN1_SCE_IRQHandler                      0x080001b7   Thumb Code     0  startup_stm32f103xb.o(.text)
    DMA1_Channel1_IRQHandler                 0x080001b7   Thumb Code     0  startup_stm32f103xb.o(.text)
    DMA1_Channel2_IRQHandler                 0x080001b7   Thumb Code     0  startup_stm32f103xb.o(.text)
    DMA1_Channel3_IRQHandler                 0x080001b7   Thumb Code     0  startup_stm32f103xb.o(.text)
    DMA1_Channel4_IRQHandler                 0x080001b7   Thumb Code     0  startup_stm32f103xb.o(.text)
    DMA1_Channel5_IRQHandler                 0x080001b7   Thumb Code     0  startup_stm32f103xb.o(.text)
    DMA1_Channel6_IRQHandler                 0x080001b7   Thumb Code     0  startup_stm32f103xb.o(.text)
    DMA1_Channel7_IRQHandler                 0x080001b7   Thumb Code     0  startup_stm32f103xb.o(.text)
    EXTI15_10_IRQHandler                     0x080001b7   Thumb Code     0  startup_stm32f103xb.o(.text)
    EXTI1_IRQHandler                         0x080001b7   Thumb Code     0  startup_stm32f103xb.o(.text)
    EXTI2_IRQHandler                         0x080001b7   Thumb Code     0  startup_stm32f103xb.o(.text)
    EXTI3_IRQHandler                         0x080001b7   Thumb Code     0  startup_stm32f103xb.o(.text)
    EXTI4_IRQHandler                         0x080001b7   Thumb Code     0  startup_stm32f103xb.o(.text)
    EXTI9_5_IRQHandler                       0x080001b7   Thumb Code     0  startup_stm32f103xb.o(.text)
    FLASH_IRQHandler                         0x080001b7   Thumb Code     0  startup_stm32f103xb.o(.text)
    I2C1_ER_IRQHandler                       0x080001b7   Thumb Code     0  startup_stm32f103xb.o(.text)
    I2C1_EV_IRQHandler                       0x080001b7   Thumb Code     0  startup_stm32f103xb.o(.text)
    I2C2_ER_IRQHandler                       0x080001b7   Thumb Code     0  startup_stm32f103xb.o(.text)
    I2C2_EV_IRQHandler                       0x080001b7   Thumb Code     0  startup_stm32f103xb.o(.text)
    PVD_IRQHandler                           0x080001b7   Thumb Code     0  startup_stm32f103xb.o(.text)
    RCC_IRQHandler                           0x080001b7   Thumb Code     0  startup_stm32f103xb.o(.text)
    RTC_Alarm_IRQHandler                     0x080001b7   Thumb Code     0  startup_stm32f103xb.o(.text)
    RTC_IRQHandler                           0x080001b7   Thumb Code     0  startup_stm32f103xb.o(.text)
    SPI1_IRQHandler                          0x080001b7   Thumb Code     0  startup_stm32f103xb.o(.text)
    SPI2_IRQHandler                          0x080001b7   Thumb Code     0  startup_stm32f103xb.o(.text)
    TAMPER_IRQHandler                        0x080001b7   Thumb Code     0  startup_stm32f103xb.o(.text)
    TIM1_BRK_IRQHandler                      0x080001b7   Thumb Code     0  startup_stm32f103xb.o(.text)
    TIM1_CC_IRQHandler                       0x080001b7   Thumb Code     0  startup_stm32f103xb.o(.text)
    TIM1_TRG_COM_IRQHandler                  0x080001b7   Thumb Code     0  startup_stm32f103xb.o(.text)
    TIM2_IRQHandler                          0x080001b7   Thumb Code     0  startup_stm32f103xb.o(.text)
    TIM3_IRQHandler                          0x080001b7   Thumb Code     0  startup_stm32f103xb.o(.text)
    TIM4_IRQHandler                          0x080001b7   Thumb Code     0  startup_stm32f103xb.o(.text)
    USART3_IRQHandler                        0x080001b7   Thumb Code     0  startup_stm32f103xb.o(.text)
    USBWakeUp_IRQHandler                     0x080001b7   Thumb Code     0  startup_stm32f103xb.o(.text)
    USB_HP_CAN1_TX_IRQHandler                0x080001b7   Thumb Code     0  startup_stm32f103xb.o(.text)
    USB_LP_CAN1_RX0_IRQHandler               0x080001b7   Thumb Code     0  startup_stm32f103xb.o(.text)
    WWDG_IRQHandler                          0x080001b7   Thumb Code     0  startup_stm32f103xb.o(.text)
    __aeabi_llsr                             0x080001c1   Thumb Code    32  llushr.o(.text)
    _ll_ushift_r                             0x080001c1   Thumb Code     0  llushr.o(.text)
    __aeabi_memset                           0x080001e1   Thumb Code    14  memseta.o(.text)
    __aeabi_memset4                          0x080001e1   Thumb Code     0  memseta.o(.text)
    __aeabi_memset8                          0x080001e1   Thumb Code     0  memseta.o(.text)
    __aeabi_memclr                           0x080001ef   Thumb Code     4  memseta.o(.text)
    __aeabi_memclr4                          0x080001ef   Thumb Code     0  memseta.o(.text)
    __aeabi_memclr8                          0x080001ef   Thumb Code     0  memseta.o(.text)
    memset                                   0x080001f3   Thumb Code    18  memseta.o(.text)
    __aeabi_uldivmod                         0x08000205   Thumb Code    98  uldiv.o(.text)
    __scatterload                            0x08000269   Thumb Code    28  init.o(.text)
    __scatterload_rt2                        0x08000269   Thumb Code     0  init.o(.text)
    __aeabi_llsl                             0x0800028d   Thumb Code    30  llshl.o(.text)
    _ll_shift_l                              0x0800028d   Thumb Code     0  llshl.o(.text)
    BusFault_Handler                         0x080002ab   Thumb Code     4  stm32f1xx_it.o(i.BusFault_Handler)
    DebugMon_Handler                         0x080002af   Thumb Code     2  stm32f1xx_it.o(i.DebugMon_Handler)
    EXTI0_IRQHandler                         0x080002b1   Thumb Code    10  stm32f1xx_it.o(i.EXTI0_IRQHandler)
    EnableDebugIRQ                           0x080002bd   Thumb Code    36  driver_usart.o(i.EnableDebugIRQ)
    EnableUART2IRQ                           0x080002e5   Thumb Code    52  driver_usart.o(i.EnableUART2IRQ)
    Error_Handler                            0x0800031d   Thumb Code     6  main.o(i.Error_Handler)
    HAL_DMA_Abort                            0x08000323   Thumb Code    86  stm32f1xx_hal_dma.o(i.HAL_DMA_Abort)
    HAL_DMA_Abort_IT                         0x08000379   Thumb Code   172  stm32f1xx_hal_dma.o(i.HAL_DMA_Abort_IT)
    HAL_GPIO_EXTI_Callback                   0x08000429   Thumb Code     2  stm32f1xx_hal_gpio.o(i.HAL_GPIO_EXTI_Callback)
    HAL_GPIO_EXTI_IRQHandler                 0x0800042d   Thumb Code    24  stm32f1xx_hal_gpio.o(i.HAL_GPIO_EXTI_IRQHandler)
    HAL_GPIO_Init                            0x08000449   Thumb Code   766  stm32f1xx_hal_gpio.o(i.HAL_GPIO_Init)
    HAL_GPIO_WritePin                        0x08000769   Thumb Code    12  stm32f1xx_hal_gpio.o(i.HAL_GPIO_WritePin)
    HAL_GetTick                              0x08000775   Thumb Code     6  stm32f1xx_hal.o(i.HAL_GetTick)
    HAL_IncTick                              0x08000781   Thumb Code    16  stm32f1xx_hal.o(i.HAL_IncTick)
    HAL_Init                                 0x08000799   Thumb Code    34  stm32f1xx_hal.o(i.HAL_Init)
    HAL_InitTick                             0x080007c1   Thumb Code   138  stm32f1xx_hal_timebase_tim.o(i.HAL_InitTick)
    HAL_MspInit                              0x08000861   Thumb Code    86  stm32f1xx_hal_msp.o(i.HAL_MspInit)
    HAL_NVIC_EnableIRQ                       0x080008c1   Thumb Code    32  stm32f1xx_hal_cortex.o(i.HAL_NVIC_EnableIRQ)
    HAL_NVIC_SetPriority                     0x080008e1   Thumb Code   124  stm32f1xx_hal_cortex.o(i.HAL_NVIC_SetPriority)
    HAL_NVIC_SetPriorityGrouping             0x0800095d   Thumb Code    32  stm32f1xx_hal_cortex.o(i.HAL_NVIC_SetPriorityGrouping)
    HAL_RCC_ClockConfig                      0x08000985   Thumb Code   376  stm32f1xx_hal_rcc.o(i.HAL_RCC_ClockConfig)
    HAL_RCC_GetClockConfig                   0x08000b11   Thumb Code    58  stm32f1xx_hal_rcc.o(i.HAL_RCC_GetClockConfig)
    HAL_RCC_GetHCLKFreq                      0x08000b55   Thumb Code     6  stm32f1xx_hal_rcc.o(i.HAL_RCC_GetHCLKFreq)
    HAL_RCC_GetPCLK1Freq                     0x08000b61   Thumb Code    22  stm32f1xx_hal_rcc.o(i.HAL_RCC_GetPCLK1Freq)
    HAL_RCC_GetPCLK2Freq                     0x08000b81   Thumb Code    22  stm32f1xx_hal_rcc.o(i.HAL_RCC_GetPCLK2Freq)
    HAL_RCC_GetSysClockFreq                  0x08000ba1   Thumb Code    92  stm32f1xx_hal_rcc.o(i.HAL_RCC_GetSysClockFreq)
    HAL_RCC_OscConfig                        0x08000c11   Thumb Code  1114  stm32f1xx_hal_rcc.o(i.HAL_RCC_OscConfig)
    HAL_TIMEx_BreakCallback                  0x08001075   Thumb Code     2  stm32f1xx_hal_tim_ex.o(i.HAL_TIMEx_BreakCallback)
    HAL_TIMEx_CommutCallback                 0x08001077   Thumb Code     2  stm32f1xx_hal_tim_ex.o(i.HAL_TIMEx_CommutCallback)
    HAL_TIM_Base_Init                        0x08001079   Thumb Code   102  stm32f1xx_hal_tim.o(i.HAL_TIM_Base_Init)
    HAL_TIM_Base_MspInit                     0x080010df   Thumb Code     2  stm32f1xx_hal_tim.o(i.HAL_TIM_Base_MspInit)
    HAL_TIM_Base_Start_IT                    0x080010e1   Thumb Code   106  stm32f1xx_hal_tim.o(i.HAL_TIM_Base_Start_IT)
    HAL_TIM_IC_CaptureCallback               0x08001159   Thumb Code     2  stm32f1xx_hal_tim.o(i.HAL_TIM_IC_CaptureCallback)
    HAL_TIM_IRQHandler                       0x0800115b   Thumb Code   406  stm32f1xx_hal_tim.o(i.HAL_TIM_IRQHandler)
    HAL_TIM_OC_DelayElapsedCallback          0x080012f1   Thumb Code     2  stm32f1xx_hal_tim.o(i.HAL_TIM_OC_DelayElapsedCallback)
    HAL_TIM_PWM_PulseFinishedCallback        0x080012f3   Thumb Code     2  stm32f1xx_hal_tim.o(i.HAL_TIM_PWM_PulseFinishedCallback)
    HAL_TIM_PeriodElapsedCallback            0x080012f5   Thumb Code    18  main.o(i.HAL_TIM_PeriodElapsedCallback)
    HAL_TIM_TriggerCallback                  0x0800130d   Thumb Code     2  stm32f1xx_hal_tim.o(i.HAL_TIM_TriggerCallback)
    HAL_UARTEx_RxEventCallback               0x0800130f   Thumb Code     2  stm32f1xx_hal_uart.o(i.HAL_UARTEx_RxEventCallback)
    HAL_UART_ErrorCallback                   0x08001311   Thumb Code     2  stm32f1xx_hal_uart.o(i.HAL_UART_ErrorCallback)
    HAL_UART_IRQHandler                      0x08001315   Thumb Code   736  stm32f1xx_hal_uart.o(i.HAL_UART_IRQHandler)
    HAL_UART_Init                            0x080015f9   Thumb Code   118  stm32f1xx_hal_uart.o(i.HAL_UART_Init)
    HAL_UART_MspInit                         0x08001671   Thumb Code   240  usart.o(i.HAL_UART_MspInit)
    HAL_UART_RxCpltCallback                  0x08001771   Thumb Code    16  driver_usart.o(i.HAL_UART_RxCpltCallback)
    HAL_UART_Transmit_IT                     0x08001789   Thumb Code    56  stm32f1xx_hal_uart.o(i.HAL_UART_Transmit_IT)
    HAL_UART_TxCpltCallback                  0x080017c1   Thumb Code    16  driver_usart.o(i.HAL_UART_TxCpltCallback)
    HardFault_Handler                        0x080017d9   Thumb Code     4  stm32f1xx_it.o(i.HardFault_Handler)
    MX_FREERTOS_Init                         0x080017dd   Thumb Code    18  freertos.o(i.MX_FREERTOS_Init)
    MX_GPIO_Init                             0x080017fd   Thumb Code   142  gpio.o(i.MX_GPIO_Init)
    MX_USART1_UART_Init                      0x08001899   Thumb Code    46  usart.o(i.MX_USART1_UART_Init)
    MX_USART2_UART_Init                      0x080018d1   Thumb Code    46  usart.o(i.MX_USART2_UART_Init)
    MemManage_Handler                        0x08001909   Thumb Code     4  stm32f1xx_it.o(i.MemManage_Handler)
    NMI_Handler                              0x0800190d   Thumb Code     4  stm32f1xx_it.o(i.NMI_Handler)
    StartDefaultTask                         0x08001939   Thumb Code    10  freertos.o(i.StartDefaultTask)
    SysTick_Handler                          0x08001945   Thumb Code    46  port.o(i.SysTick_Handler)
    SystemClock_Config                       0x08001979   Thumb Code   102  main.o(i.SystemClock_Config)
    SystemInit                               0x080019df   Thumb Code     2  system_stm32f1xx.o(i.SystemInit)
    TIM1_UP_IRQHandler                       0x080019e1   Thumb Code    10  stm32f1xx_it.o(i.TIM1_UP_IRQHandler)
    TIM_Base_SetConfig                       0x080019f1   Thumb Code   104  stm32f1xx_hal_tim.o(i.TIM_Base_SetConfig)
    USART1_IRQHandler                        0x08001d5d   Thumb Code    38  driver_usart.o(i.USART1_IRQHandler)
    USART2_IRQHandler                        0x08001d91   Thumb Code    48  main.o(i.USART2_IRQHandler)
    USART2_Write                             0x08001dc9   Thumb Code    40  main.o(i.USART2_Write)
    UsageFault_Handler                       0x08001df5   Thumb Code     4  stm32f1xx_it.o(i.UsageFault_Handler)
    __0printf$8                              0x08001df9   Thumb Code    22  printf8.o(i.__0printf$8)
    __1printf$8                              0x08001df9   Thumb Code     0  printf8.o(i.__0printf$8)
    __2printf                                0x08001df9   Thumb Code     0  printf8.o(i.__0printf$8)
    __scatterload_copy                       0x08001e63   Thumb Code    14  handlers.o(i.__scatterload_copy)
    __scatterload_null                       0x08001e71   Thumb Code     2  handlers.o(i.__scatterload_null)
    __scatterload_zeroinit                   0x08001e73   Thumb Code    14  handlers.o(i.__scatterload_zeroinit)
    fputc                                    0x080022d9   Thumb Code    32  driver_usart.o(i.fputc)
    main                                     0x08002301   Thumb Code    66  main.o(i.main)
    osDelay                                  0x08002365   Thumb Code    50  cmsis_os2.o(i.osDelay)
    osKernelInitialize                       0x0800239d   Thumb Code    58  cmsis_os2.o(i.osKernelInitialize)
    osThreadNew                              0x080023dd   Thumb Code   216  cmsis_os2.o(i.osThreadNew)
    pvPortMalloc                             0x08002861   Thumb Code   296  heap_4.o(i.pvPortMalloc)
    pxPortInitialiseStack                    0x0800299d   Thumb Code    30  port.o(i.pxPortInitialiseStack)
    ring_buffer_init                         0x080029c1   Thumb Code    12  ring_buffer.o(i.ring_buffer_init)
    ring_buffer_write                        0x080029cd   Thumb Code    30  ring_buffer.o(i.ring_buffer_write)
    uxListRemove                             0x080029eb   Thumb Code    40  list.o(i.uxListRemove)
    vListInitialise                          0x08002a13   Thumb Code    26  list.o(i.vListInitialise)
    vListInitialiseItem                      0x08002a2d   Thumb Code     6  list.o(i.vListInitialiseItem)
    vListInsert                              0x08002a33   Thumb Code    52  list.o(i.vListInsert)
    vListInsertEnd                           0x08002a67   Thumb Code    24  list.o(i.vListInsertEnd)
    vPortEnterCritical                       0x08002a81   Thumb Code    76  port.o(i.vPortEnterCritical)
    vPortExitCritical                        0x08002ad5   Thumb Code    56  port.o(i.vPortExitCritical)
    vPortFree                                0x08002b11   Thumb Code   140  heap_4.o(i.vPortFree)
    vTaskDelay                               0x08002ba5   Thumb Code    82  tasks.o(i.vTaskDelay)
    vTaskSuspendAll                          0x08002c01   Thumb Code    12  tasks.o(i.vTaskSuspendAll)
    vTaskSwitchContext                       0x08002c11   Thumb Code   122  tasks.o(i.vTaskSwitchContext)
    xTaskCreate                              0x08002ca1   Thumb Code   100  tasks.o(i.xTaskCreate)
    xTaskCreateStatic                        0x08002d05   Thumb Code   184  tasks.o(i.xTaskCreateStatic)
    xTaskIncrementTick                       0x08002dbd   Thumb Code   280  tasks.o(i.xTaskIncrementTick)
    xTaskResumeAll                           0x08002f01   Thumb Code   222  tasks.o(i.xTaskResumeAll)
    defaultTask_attributes                   0x08003004   Data          36  freertos.o(.constdata)
    AHBPrescTable                            0x0800303a   Data          16  system_stm32f1xx.o(.constdata)
    APBPrescTable                            0x0800304a   Data           8  system_stm32f1xx.o(.constdata)
    Region$$Table$$Base                      0x08003060   Number         0  anon$$obj.o(Region$$Table)
    Region$$Table$$Limit                     0x08003080   Number         0  anon$$obj.o(Region$$Table)
    defaultTaskHandle                        0x20000000   Data           4  freertos.o(.data)
    uwTick                                   0x20000004   Data           4  stm32f1xx_hal.o(.data)
    uwTickPrio                               0x20000008   Data           4  stm32f1xx_hal.o(.data)
    uwTickFreq                               0x2000000c   Data           1  stm32f1xx_hal.o(.data)
    SystemCoreClock                          0x20000010   Data           4  system_stm32f1xx.o(.data)
    pxCurrentTCB                             0x20000014   Data           4  tasks.o(.data)
    __stdout                                 0x2000007c   Data           4  stdout.o(.data)
    test_buffer                              0x20000080   Data        1032  main.o(.bss)
    uart2_buffer                             0x20000488   Data        1032  main.o(.bss)
    huart1                                   0x20000890   Data          72  usart.o(.bss)
    huart2                                   0x200008d8   Data          72  usart.o(.bss)
    htim1                                    0x20000920   Data          72  stm32f1xx_hal_timebase_tim.o(.bss)
    __initial_sp                             0x20001e30   Data           0  startup_stm32f103xb.o(STACK)



==============================================================================

Memory Map of the image

  Image Entry point : 0x080000ed

  Load Region LR_IROM1 (Base: 0x08000000, Size: 0x00003100, Max: 0x00010000, ABSOLUTE)

    Execution Region ER_IROM1 (Exec base: 0x08000000, Load base: 0x08000000, Size: 0x00003080, Max: 0x00010000, ABSOLUTE)

    Exec Addr    Load Addr    Size         Type   Attr      Idx    E Section Name        Object

    0x08000000   0x08000000   0x000000ec   Data   RO            3    RESET               startup_stm32f103xb.o
    0x080000ec   0x080000ec   0x00000000   Code   RO         5967  * .ARM.Collect$$$$00000000  mc_w.l(entry.o)
    0x080000ec   0x080000ec   0x00000004   Code   RO         6250    .ARM.Collect$$$$00000001  mc_w.l(entry2.o)
    0x080000f0   0x080000f0   0x00000004   Code   RO         6253    .ARM.Collect$$$$00000004  mc_w.l(entry5.o)
    0x080000f4   0x080000f4   0x00000000   Code   RO         6255    .ARM.Collect$$$$00000008  mc_w.l(entry7b.o)
    0x080000f4   0x080000f4   0x00000000   Code   RO         6257    .ARM.Collect$$$$0000000A  mc_w.l(entry8b.o)
    0x080000f4   0x080000f4   0x00000008   Code   RO         6258    .ARM.Collect$$$$0000000B  mc_w.l(entry9a.o)
    0x080000fc   0x080000fc   0x00000004   Code   RO         6265    .ARM.Collect$$$$0000000E  mc_w.l(entry12b.o)
    0x08000100   0x08000100   0x00000000   Code   RO         6260    .ARM.Collect$$$$0000000F  mc_w.l(entry10a.o)
    0x08000100   0x08000100   0x00000000   Code   RO         6262    .ARM.Collect$$$$00000011  mc_w.l(entry11a.o)
    0x08000100   0x08000100   0x00000004   Code   RO         6251    .ARM.Collect$$$$00002712  mc_w.l(entry2.o)
    0x08000104   0x08000104   0x00000096   Code   RO         4479    .emb_text           port.o
    0x0800019a   0x0800019a   0x00000002   PAD
    0x0800019c   0x0800019c   0x00000024   Code   RO            4    .text               startup_stm32f103xb.o
    0x080001c0   0x080001c0   0x00000020   Code   RO         5970    .text               mc_w.l(llushr.o)
    0x080001e0   0x080001e0   0x00000024   Code   RO         5979    .text               mc_w.l(memseta.o)
    0x08000204   0x08000204   0x00000062   Code   RO         6269    .text               mc_w.l(uldiv.o)
    0x08000266   0x08000266   0x00000002   PAD
    0x08000268   0x08000268   0x00000024   Code   RO         6282    .text               mc_w.l(init.o)
    0x0800028c   0x0800028c   0x0000001e   Code   RO         6284    .text               mc_w.l(llshl.o)
    0x080002aa   0x080002aa   0x00000004   Code   RO          323    i.BusFault_Handler  stm32f1xx_it.o
    0x080002ae   0x080002ae   0x00000002   Code   RO          324    i.DebugMon_Handler  stm32f1xx_it.o
    0x080002b0   0x080002b0   0x0000000a   Code   RO          325    i.EXTI0_IRQHandler  stm32f1xx_it.o
    0x080002ba   0x080002ba   0x00000002   PAD
    0x080002bc   0x080002bc   0x00000028   Code   RO         5867    i.EnableDebugIRQ    driver_usart.o
    0x080002e4   0x080002e4   0x00000038   Code   RO         5868    i.EnableUART2IRQ    driver_usart.o
    0x0800031c   0x0800031c   0x00000006   Code   RO           13    i.Error_Handler     main.o
    0x08000322   0x08000322   0x00000056   Code   RO          878    i.HAL_DMA_Abort     stm32f1xx_hal_dma.o
    0x08000378   0x08000378   0x000000b0   Code   RO          879    i.HAL_DMA_Abort_IT  stm32f1xx_hal_dma.o
    0x08000428   0x08000428   0x00000002   Code   RO          812    i.HAL_GPIO_EXTI_Callback  stm32f1xx_hal_gpio.o
    0x0800042a   0x0800042a   0x00000002   PAD
    0x0800042c   0x0800042c   0x0000001c   Code   RO          813    i.HAL_GPIO_EXTI_IRQHandler  stm32f1xx_hal_gpio.o
    0x08000448   0x08000448   0x00000320   Code   RO          814    i.HAL_GPIO_Init     stm32f1xx_hal_gpio.o
    0x08000768   0x08000768   0x0000000c   Code   RO          818    i.HAL_GPIO_WritePin  stm32f1xx_hal_gpio.o
    0x08000774   0x08000774   0x0000000c   Code   RO          503    i.HAL_GetTick       stm32f1xx_hal.o
    0x08000780   0x08000780   0x00000018   Code   RO          509    i.HAL_IncTick       stm32f1xx_hal.o
    0x08000798   0x08000798   0x00000028   Code   RO          510    i.HAL_Init          stm32f1xx_hal.o
    0x080007c0   0x080007c0   0x000000a0   Code   RO          417    i.HAL_InitTick      stm32f1xx_hal_timebase_tim.o
    0x08000860   0x08000860   0x00000060   Code   RO          393    i.HAL_MspInit       stm32f1xx_hal_msp.o
    0x080008c0   0x080008c0   0x00000020   Code   RO          974    i.HAL_NVIC_EnableIRQ  stm32f1xx_hal_cortex.o
    0x080008e0   0x080008e0   0x0000007c   Code   RO          980    i.HAL_NVIC_SetPriority  stm32f1xx_hal_cortex.o
    0x0800095c   0x0800095c   0x00000028   Code   RO          981    i.HAL_NVIC_SetPriorityGrouping  stm32f1xx_hal_cortex.o
    0x08000984   0x08000984   0x0000018c   Code   RO          667    i.HAL_RCC_ClockConfig  stm32f1xx_hal_rcc.o
    0x08000b10   0x08000b10   0x00000044   Code   RO          671    i.HAL_RCC_GetClockConfig  stm32f1xx_hal_rcc.o
    0x08000b54   0x08000b54   0x0000000c   Code   RO          672    i.HAL_RCC_GetHCLKFreq  stm32f1xx_hal_rcc.o
    0x08000b60   0x08000b60   0x00000020   Code   RO          674    i.HAL_RCC_GetPCLK1Freq  stm32f1xx_hal_rcc.o
    0x08000b80   0x08000b80   0x00000020   Code   RO          675    i.HAL_RCC_GetPCLK2Freq  stm32f1xx_hal_rcc.o
    0x08000ba0   0x08000ba0   0x00000070   Code   RO          676    i.HAL_RCC_GetSysClockFreq  stm32f1xx_hal_rcc.o
    0x08000c10   0x08000c10   0x00000464   Code   RO          679    i.HAL_RCC_OscConfig  stm32f1xx_hal_rcc.o
    0x08001074   0x08001074   0x00000002   Code   RO         2217    i.HAL_TIMEx_BreakCallback  stm32f1xx_hal_tim_ex.o
    0x08001076   0x08001076   0x00000002   Code   RO         2218    i.HAL_TIMEx_CommutCallback  stm32f1xx_hal_tim_ex.o
    0x08001078   0x08001078   0x00000066   Code   RO         1502    i.HAL_TIM_Base_Init  stm32f1xx_hal_tim.o
    0x080010de   0x080010de   0x00000002   Code   RO         1504    i.HAL_TIM_Base_MspInit  stm32f1xx_hal_tim.o
    0x080010e0   0x080010e0   0x00000078   Code   RO         1507    i.HAL_TIM_Base_Start_IT  stm32f1xx_hal_tim.o
    0x08001158   0x08001158   0x00000002   Code   RO         1536    i.HAL_TIM_IC_CaptureCallback  stm32f1xx_hal_tim.o
    0x0800115a   0x0800115a   0x00000196   Code   RO         1550    i.HAL_TIM_IRQHandler  stm32f1xx_hal_tim.o
    0x080012f0   0x080012f0   0x00000002   Code   RO         1553    i.HAL_TIM_OC_DelayElapsedCallback  stm32f1xx_hal_tim.o
    0x080012f2   0x080012f2   0x00000002   Code   RO         1580    i.HAL_TIM_PWM_PulseFinishedCallback  stm32f1xx_hal_tim.o
    0x080012f4   0x080012f4   0x00000018   Code   RO           14    i.HAL_TIM_PeriodElapsedCallback  main.o
    0x0800130c   0x0800130c   0x00000002   Code   RO         1593    i.HAL_TIM_TriggerCallback  stm32f1xx_hal_tim.o
    0x0800130e   0x0800130e   0x00000002   Code   RO         2496    i.HAL_UARTEx_RxEventCallback  stm32f1xx_hal_uart.o
    0x08001310   0x08001310   0x00000002   Code   RO         2510    i.HAL_UART_ErrorCallback  stm32f1xx_hal_uart.o
    0x08001312   0x08001312   0x00000002   PAD
    0x08001314   0x08001314   0x000002e4   Code   RO         2513    i.HAL_UART_IRQHandler  stm32f1xx_hal_uart.o
    0x080015f8   0x080015f8   0x00000076   Code   RO         2514    i.HAL_UART_Init     stm32f1xx_hal_uart.o
    0x0800166e   0x0800166e   0x00000002   PAD
    0x08001670   0x08001670   0x00000100   Code   RO          276    i.HAL_UART_MspInit  usart.o
    0x08001770   0x08001770   0x00000018   Code   RO         5869    i.HAL_UART_RxCpltCallback  driver_usart.o
    0x08001788   0x08001788   0x00000038   Code   RO         2524    i.HAL_UART_Transmit_IT  stm32f1xx_hal_uart.o
    0x080017c0   0x080017c0   0x00000018   Code   RO         5870    i.HAL_UART_TxCpltCallback  driver_usart.o
    0x080017d8   0x080017d8   0x00000004   Code   RO          326    i.HardFault_Handler  stm32f1xx_it.o
    0x080017dc   0x080017dc   0x00000020   Code   RO          226    i.MX_FREERTOS_Init  freertos.o
    0x080017fc   0x080017fc   0x0000009c   Code   RO          198    i.MX_GPIO_Init      gpio.o
    0x08001898   0x08001898   0x00000038   Code   RO          277    i.MX_USART1_UART_Init  usart.o
    0x080018d0   0x080018d0   0x00000038   Code   RO          278    i.MX_USART2_UART_Init  usart.o
    0x08001908   0x08001908   0x00000004   Code   RO          327    i.MemManage_Handler  stm32f1xx_it.o
    0x0800190c   0x0800190c   0x00000004   Code   RO          328    i.NMI_Handler       stm32f1xx_it.o
    0x08001910   0x08001910   0x00000028   Code   RO          680    i.RCC_Delay         stm32f1xx_hal_rcc.o
    0x08001938   0x08001938   0x0000000a   Code   RO          227    i.StartDefaultTask  freertos.o
    0x08001942   0x08001942   0x00000002   PAD
    0x08001944   0x08001944   0x00000034   Code   RO         4480    i.SysTick_Handler   port.o
    0x08001978   0x08001978   0x00000066   Code   RO           15    i.SystemClock_Config  main.o
    0x080019de   0x080019de   0x00000002   Code   RO         2858    i.SystemInit        system_stm32f1xx.o
    0x080019e0   0x080019e0   0x00000010   Code   RO          329    i.TIM1_UP_IRQHandler  stm32f1xx_it.o
    0x080019f0   0x080019f0   0x00000074   Code   RO         1595    i.TIM_Base_SetConfig  stm32f1xx_hal_tim.o
    0x08001a64   0x08001a64   0x00000014   Code   RO         2527    i.UART_DMAAbortOnError  stm32f1xx_hal_uart.o
    0x08001a78   0x08001a78   0x0000006c   Code   RO         2537    i.UART_EndRxTransfer  stm32f1xx_hal_uart.o
    0x08001ae4   0x08001ae4   0x00000020   Code   RO         2538    i.UART_EndTransmit_IT  stm32f1xx_hal_uart.o
    0x08001b04   0x08001b04   0x000000fc   Code   RO         2540    i.UART_Receive_IT   stm32f1xx_hal_uart.o
    0x08001c00   0x08001c00   0x000000fc   Code   RO         2541    i.UART_SetConfig    stm32f1xx_hal_uart.o
    0x08001cfc   0x08001cfc   0x00000060   Code   RO         2544    i.UART_Transmit_IT  stm32f1xx_hal_uart.o
    0x08001d5c   0x08001d5c   0x00000034   Code   RO         5871    i.USART1_IRQHandler  driver_usart.o
    0x08001d90   0x08001d90   0x00000038   Code   RO           16    i.USART2_IRQHandler  main.o
    0x08001dc8   0x08001dc8   0x0000002c   Code   RO           17    i.USART2_Write      main.o
    0x08001df4   0x08001df4   0x00000004   Code   RO          330    i.UsageFault_Handler  stm32f1xx_it.o
    0x08001df8   0x08001df8   0x00000020   Code   RO         6196    i.__0printf$8       mc_w.l(printf8.o)
    0x08001e18   0x08001e18   0x00000010   Code   RO          987    i.__NVIC_GetPriorityGrouping  stm32f1xx_hal_cortex.o
    0x08001e28   0x08001e28   0x00000028   Code   RO          988    i.__NVIC_SetPriority  stm32f1xx_hal_cortex.o
    0x08001e50   0x08001e50   0x00000006   Code   RO         3994    i.__get_BASEPRI     cmsis_os2.o
    0x08001e56   0x08001e56   0x00000006   Code   RO         3995    i.__get_IPSR        cmsis_os2.o
    0x08001e5c   0x08001e5c   0x00000006   Code   RO         3996    i.__get_PRIMASK     cmsis_os2.o
    0x08001e62   0x08001e62   0x0000000e   Code   RO         6292    i.__scatterload_copy  mc_w.l(handlers.o)
    0x08001e70   0x08001e70   0x00000002   Code   RO         6293    i.__scatterload_null  mc_w.l(handlers.o)
    0x08001e72   0x08001e72   0x0000000e   Code   RO         6294    i.__scatterload_zeroinit  mc_w.l(handlers.o)
    0x08001e80   0x08001e80   0x00000404   Code   RO         6203    i._printf_core      mc_w.l(printf8.o)
    0x08002284   0x08002284   0x00000024   Code   RO         6204    i._printf_post_padding  mc_w.l(printf8.o)
    0x080022a8   0x080022a8   0x0000002e   Code   RO         6205    i._printf_pre_padding  mc_w.l(printf8.o)
    0x080022d6   0x080022d6   0x00000002   PAD
    0x080022d8   0x080022d8   0x00000028   Code   RO         5873    i.fputc             driver_usart.o
    0x08002300   0x08002300   0x00000064   Code   RO           18    i.main              main.o
    0x08002364   0x08002364   0x00000038   Code   RO         3997    i.osDelay           cmsis_os2.o
    0x0800239c   0x0800239c   0x00000040   Code   RO         4011    i.osKernelInitialize  cmsis_os2.o
    0x080023dc   0x080023dc   0x000000dc   Code   RO         4048    i.osThreadNew       cmsis_os2.o
    0x080024b8   0x080024b8   0x0000007c   Code   RO         3469    i.prvAddCurrentTaskToDelayedList  tasks.o
    0x08002534   0x08002534   0x000000b8   Code   RO         3470    i.prvAddNewTaskToReadyList  tasks.o
    0x080025ec   0x080025ec   0x0000007c   Code   RO         4430    i.prvHeapInit       heap_4.o
    0x08002668   0x08002668   0x000000b4   Code   RO         3474    i.prvInitialiseNewTask  tasks.o
    0x0800271c   0x0800271c   0x00000068   Code   RO         3475    i.prvInitialiseTaskLists  tasks.o
    0x08002784   0x08002784   0x00000068   Code   RO         4431    i.prvInsertBlockIntoFreeList  heap_4.o
    0x080027ec   0x080027ec   0x00000034   Code   RO         3477    i.prvResetNextTaskUnblockTime  tasks.o
    0x08002820   0x08002820   0x00000040   Code   RO         4481    i.prvTaskExitError  port.o
    0x08002860   0x08002860   0x0000013c   Code   RO         4432    i.pvPortMalloc      heap_4.o
    0x0800299c   0x0800299c   0x00000024   Code   RO         4482    i.pxPortInitialiseStack  port.o
    0x080029c0   0x080029c0   0x0000000c   Code   RO         5934    i.ring_buffer_init  ring_buffer.o
    0x080029cc   0x080029cc   0x0000001e   Code   RO         5936    i.ring_buffer_write  ring_buffer.o
    0x080029ea   0x080029ea   0x00000028   Code   RO         3022    i.uxListRemove      list.o
    0x08002a12   0x08002a12   0x0000001a   Code   RO         3023    i.vListInitialise   list.o
    0x08002a2c   0x08002a2c   0x00000006   Code   RO         3024    i.vListInitialiseItem  list.o
    0x08002a32   0x08002a32   0x00000034   Code   RO         3025    i.vListInsert       list.o
    0x08002a66   0x08002a66   0x00000018   Code   RO         3026    i.vListInsertEnd    list.o
    0x08002a7e   0x08002a7e   0x00000002   PAD
    0x08002a80   0x08002a80   0x00000054   Code   RO         4484    i.vPortEnterCritical  port.o
    0x08002ad4   0x08002ad4   0x0000003c   Code   RO         4485    i.vPortExitCritical  port.o
    0x08002b10   0x08002b10   0x00000094   Code   RO         4433    i.vPortFree         heap_4.o
    0x08002ba4   0x08002ba4   0x0000005c   Code   RO         3489    i.vTaskDelay        tasks.o
    0x08002c00   0x08002c00   0x00000010   Code   RO         3508    i.vTaskSuspendAll   tasks.o
    0x08002c10   0x08002c10   0x00000090   Code   RO         3509    i.vTaskSwitchContext  tasks.o
    0x08002ca0   0x08002ca0   0x00000064   Code   RO         3511    i.xTaskCreate       tasks.o
    0x08002d04   0x08002d04   0x000000b8   Code   RO         3512    i.xTaskCreateStatic  tasks.o
    0x08002dbc   0x08002dbc   0x00000144   Code   RO         3519    i.xTaskIncrementTick  tasks.o
    0x08002f00   0x08002f00   0x00000104   Code   RO         3525    i.xTaskResumeAll    tasks.o
    0x08003004   0x08003004   0x00000024   Data   RO          228    .constdata          freertos.o
    0x08003028   0x08003028   0x00000012   Data   RO          681    .constdata          stm32f1xx_hal_rcc.o
    0x0800303a   0x0800303a   0x00000018   Data   RO         2859    .constdata          system_stm32f1xx.o
    0x08003052   0x08003052   0x00000002   PAD
    0x08003054   0x08003054   0x0000000c   Data   RO          229    .conststring        freertos.o
    0x08003060   0x08003060   0x00000020   Data   RO         6290    Region$$Table       anon$$obj.o


    Execution Region RW_IRAM1 (Exec base: 0x20000000, Load base: 0x08003080, Size: 0x00001e30, Max: 0x00005000, ABSOLUTE)

    Exec Addr    Load Addr    Size         Type   Attr      Idx    E Section Name        Object

    0x20000000   0x08003080   0x00000004   Data   RW          230    .data               freertos.o
    0x20000004   0x08003084   0x00000009   Data   RW          517    .data               stm32f1xx_hal.o
    0x2000000d   0x0800308d   0x00000003   PAD
    0x20000010   0x08003090   0x00000004   Data   RW         2860    .data               system_stm32f1xx.o
    0x20000014   0x08003094   0x0000003c   Data   RW         3528    .data               tasks.o
    0x20000050   0x080030d0   0x00000004   Data   RW         4063    .data               cmsis_os2.o
    0x20000054   0x080030d4   0x00000018   Data   RW         4438    .data               heap_4.o
    0x2000006c   0x080030ec   0x0000000c   Data   RW         4489    .data               port.o
    0x20000078   0x080030f8   0x00000003   Data   RW         5874    .data               driver_usart.o
    0x2000007b   0x080030fb   0x00000001   PAD
    0x2000007c   0x080030fc   0x00000004   Data   RW         6266    .data               mc_w.l(stdout.o)
    0x20000080        -       0x00000810   Zero   RW           19    .bss                main.o
    0x20000890        -       0x00000090   Zero   RW          279    .bss                usart.o
    0x20000920        -       0x00000048   Zero   RW          420    .bss                stm32f1xx_hal_timebase_tim.o
    0x20000968        -       0x000004c4   Zero   RW         3527    .bss                tasks.o
    0x20000e2c        -       0x00000c00   Zero   RW         4437    .bss                heap_4.o
    0x20001a2c   0x08003100   0x00000004   PAD
    0x20001a30        -       0x00000400   Zero   RW            1    STACK               startup_stm32f103xb.o


==============================================================================

Image component sizes


      Code (inc. data)   RO Data    RW Data    ZI Data      Debug   Object Name

       358         16          0          4          0      12705   cmsis_os2.o
       236         46          0          3          0       3546   driver_usart.o
         0          0          0          0          0      17616   event_groups.o
        42         14         48          4          0       4193   freertos.o
       156         14          0          0          0        839   gpio.o
       692         62          0         24       3072       4523   heap_4.o
       148          0          0          0          0       3278   list.o
       332         52          0          0       2064     437662   main.o
         0          0          0          0          0       1256   network.o
       446         40          0         12          0       8311   port.o
        42          0          0          0          0       1335   ring_buffer.o
        36          8        236          0       1024        780   startup_stm32f103xb.o
        76         20          0          9          0       4490   stm32f1xx_hal.o
       252         22          0          0          0      28530   stm32f1xx_hal_cortex.o
       262          4          0          0          0       1683   stm32f1xx_hal_dma.o
       842         38          0          0          0       3696   stm32f1xx_hal_gpio.o
        96         10          0          0          0        846   stm32f1xx_hal_msp.o
      1816        108         18          0          0       6365   stm32f1xx_hal_rcc.o
       754         26          0          0          0       5918   stm32f1xx_hal_tim.o
         4          0          0          0          0       1473   stm32f1xx_hal_tim_ex.o
       160         22          0          0         72       1355   stm32f1xx_hal_timebase_tim.o
      1678          8          0          0          0       8487   stm32f1xx_hal_uart.o
        48          6          0          0          0       3337   stm32f1xx_it.o
         0          0          0          0          0       8888   stream_buffer.o
         2          0         24          4          0       1047   system_stm32f1xx.o
      1764        216          0         60       1220      13895   tasks.o
         0          0          0          0          0       2188   timers.o
       368         36          0          0        144       2167   usart.o

    ----------------------------------------------------------------------
     10624        768        360        124       7600     590409   Object Totals
         0          0         32          0          0          0   (incl. Generated)
        14          0          2          4          4          0   (incl. Padding)

    ----------------------------------------------------------------------

      Code (inc. data)   RO Data    RW Data    ZI Data      Debug   Library Member Name

         0          0          0          0          0          0   entry.o
         0          0          0          0          0          0   entry10a.o
         0          0          0          0          0          0   entry11a.o
         4          0          0          0          0          0   entry12b.o
         8          4          0          0          0          0   entry2.o
         4          0          0          0          0          0   entry5.o
         0          0          0          0          0          0   entry7b.o
         0          0          0          0          0          0   entry8b.o
         8          4          0          0          0          0   entry9a.o
        30          0          0          0          0          0   handlers.o
        36          8          0          0          0         68   init.o
        30          0          0          0          0         68   llshl.o
        32          0          0          0          0         68   llushr.o
        36          0          0          0          0        108   memseta.o
      1142         54          0          0          0        352   printf8.o
         0          0          0          4          0          0   stdout.o
        98          0          0          0          0         92   uldiv.o

    ----------------------------------------------------------------------
      1432         70          0          4          0        756   Library Totals
         4          0          0          0          0          0   (incl. Padding)

    ----------------------------------------------------------------------

      Code (inc. data)   RO Data    RW Data    ZI Data      Debug   Library Name

      1428         70          0          4          0        756   mc_w.l

    ----------------------------------------------------------------------
      1432         70          0          4          0        756   Library Totals

    ----------------------------------------------------------------------

==============================================================================


      Code (inc. data)   RO Data    RW Data    ZI Data      Debug   

     12056        838        360        128       7600     585597   Grand Totals
     12056        838        360        128       7600     585597   ELF Image Totals
     12056        838        360        128          0          0   ROM Totals

==============================================================================

    Total RO  Size (Code + RO Data)                12416 (  12.13kB)
    Total RW  Size (RW Data + ZI Data)              7728 (   7.55kB)
    Total ROM Size (Code + RO Data + RW Data)      12544 (  12.25kB)

==============================================================================

